[    0.000000] Initializing cgroup subsys cpuset
[    0.000000] Initializing cgroup subsys cpu
[    0.000000] Initializing cgroup subsys cpuacct
[    0.000000] Linux version 4.4.0-142-generic (buildd@lgw01-amd64-033) (gcc version 5.4.0 20160609 (Ubuntu 5.4.0-6ubuntu1~16.04.10) ) #168-Ubuntu SMP Wed Jan 16 21:00:45 UTC 2019 (Ubuntu 4.4.0-142.168-generic 4.4.167)
[    0.000000] Command line: BOOT_IMAGE=/boot/vmlinuz-4.4.0-142-generic root=LABEL=cloudimg-rootfs ro console=tty1 console=ttyS0
[    0.000000] KERNEL supported cpus:
[    0.000000]   Intel GenuineIntel
[    0.000000]   AMD AuthenticAMD
[    0.000000]   Centaur CentaurHauls
[    0.000000] x86/fpu: xstate_offset[2]:  576, xstate_sizes[2]:  256
[    0.000000] x86/fpu: Supporting XSAVE feature 0x01: 'x87 floating point registers'
[    0.000000] x86/fpu: Supporting XSAVE feature 0x02: 'SSE registers'
[    0.000000] x86/fpu: Supporting XSAVE feature 0x04: 'AVX registers'
[    0.000000] x86/fpu: Enabled xstate features 0x7, context size is 832 bytes, using 'standard' format.
[    0.000000] e820: BIOS-provided physical RAM map:
[    0.000000] BIOS-e820: [mem 0x0000000000000000-0x000000000009fbff] usable
[    0.000000] BIOS-e820: [mem 0x000000000009fc00-0x000000000009ffff] reserved
[    0.000000] BIOS-e820: [mem 0x00000000000f0000-0x00000000000fffff] reserved
[    0.000000] BIOS-e820: [mem 0x0000000000100000-0x000000003ffeffff] usable
[    0.000000] BIOS-e820: [mem 0x000000003fff0000-0x000000003fffffff] ACPI data
[    0.000000] BIOS-e820: [mem 0x00000000fec00000-0x00000000fec00fff] reserved
[    0.000000] BIOS-e820: [mem 0x00000000fee00000-0x00000000fee00fff] reserved
[    0.000000] BIOS-e820: [mem 0x00000000fffc0000-0x00000000ffffffff] reserved
[    0.000000] NX (Execute Disable) protection: active
[    0.000000] SMBIOS 2.5 present.
[    0.000000] Hypervisor detected: KVM
[    0.000000] e820: last_pfn = 0x3fff0 max_arch_pfn = 0x400000000
[    0.000000] MTRR: Disabled
[    0.000000] x86/PAT: MTRRs disabled, skipping PAT initialization too.
[    0.000000] CPU MTRRs all blank - virtualized system.
[    0.000000] x86/PAT: Configuration [0-7]: WB  WT  UC- UC  WB  WT  UC- UC  
[    0.000000] found SMP MP-table at [mem 0x0009fff0-0x0009ffff] mapped at [ffff88000009fff0]
[    0.000000] Scanning 1 areas for low memory corruption
[    0.000000] RAMDISK: [mem 0x3630a000-0x3717cfff]
[    0.000000] ACPI: Early table checksum verification disabled
[    0.000000] ACPI: RSDP 0x00000000000E0000 000024 (v02 VBOX  )
[    0.000000] ACPI: XSDT 0x000000003FFF0030 00003C (v01 VBOX   VBOXXSDT 00000001 ASL  00000061)
[    0.000000] ACPI: FACP 0x000000003FFF00F0 0000F4 (v04 VBOX   VBOXFACP 00000001 ASL  00000061)
[    0.000000] ACPI: DSDT 0x000000003FFF0470 0022EA (v02 VBOX   VBOXBIOS 00000002 INTL 20100528)
[    0.000000] ACPI: FACS 0x000000003FFF0200 000040
[    0.000000] ACPI: FACS 0x000000003FFF0200 000040
[    0.000000] ACPI: APIC 0x000000003FFF0240 00005C (v02 VBOX   VBOXAPIC 00000001 ASL  00000061)
[    0.000000] ACPI: SSDT 0x000000003FFF02A0 0001CC (v01 VBOX   VBOXCPUT 00000002 INTL 20100528)
[    0.000000] No NUMA configuration found
[    0.000000] Faking a node at [mem 0x0000000000000000-0x000000003ffeffff]
[    0.000000] NODE_DATA(0) allocated [mem 0x3ffeb000-0x3ffeffff]
[    0.000000] kvm-clock: Using msrs 4b564d01 and 4b564d00
[    0.000000] kvm-clock: cpu 0, msr 0:3ffe3001, primary cpu clock
[    0.000000] kvm-clock: using sched offset of 4922274056 cycles
[    0.000000] clocksource: kvm-clock: mask: 0xffffffffffffffff max_cycles: 0x1cd42e4dffb, max_idle_ns: 881590591483 ns
[    0.000000] Zone ranges:
[    0.000000]   DMA      [mem 0x0000000000001000-0x0000000000ffffff]
[    0.000000]   DMA32    [mem 0x0000000001000000-0x000000003ffeffff]
[    0.000000]   Normal   empty
[    0.000000]   Device   empty
[    0.000000] Movable zone start for each node
[    0.000000] Early memory node ranges
[    0.000000]   node   0: [mem 0x0000000000001000-0x000000000009efff]
[    0.000000]   node   0: [mem 0x0000000000100000-0x000000003ffeffff]
[    0.000000] Initmem setup node 0 [mem 0x0000000000001000-0x000000003ffeffff]
[    0.000000] ACPI: PM-Timer IO Port: 0x4008
[    0.000000] IOAPIC[0]: apic_id 2, version 32, address 0xfec00000, GSI 0-23
[    0.000000] ACPI: INT_SRC_OVR (bus 0 bus_irq 0 global_irq 2 dfl dfl)
[    0.000000] ACPI: INT_SRC_OVR (bus 0 bus_irq 9 global_irq 9 low level)
[    0.000000] Using ACPI (MADT) for SMP configuration information
[    0.000000] smpboot: Allowing 2 CPUs, 0 hotplug CPUs
[    0.000000] PM: Registered nosave memory: [mem 0x00000000-0x00000fff]
[    0.000000] PM: Registered nosave memory: [mem 0x0009f000-0x0009ffff]
[    0.000000] PM: Registered nosave memory: [mem 0x000a0000-0x000effff]
[    0.000000] PM: Registered nosave memory: [mem 0x000f0000-0x000fffff]
[    0.000000] e820: [mem 0x40000000-0xfebfffff] available for PCI devices
[    0.000000] Booting paravirtualized kernel on KVM
[    0.000000] clocksource: refined-jiffies: mask: 0xffffffff max_cycles: 0xffffffff, max_idle_ns: 7645519600211568 ns
[    0.000000] setup_percpu: NR_CPUS:512 nr_cpumask_bits:512 nr_cpu_ids:2 nr_node_ids:1
[    0.000000] PERCPU: Embedded 34 pages/cpu @ffff88003fc00000 s99480 r8192 d31592 u1048576
[    0.000000] Built 1 zonelists in Node order, mobility grouping on.  Total pages: 257912
[    0.000000] Policy zone: DMA32
[    0.000000] Kernel command line: BOOT_IMAGE=/boot/vmlinuz-4.4.0-142-generic root=LABEL=cloudimg-rootfs ro console=tty1 console=ttyS0
[    0.000000] PID hash table entries: 4096 (order: 3, 32768 bytes)
[    0.000000] Memory: 997736K/1048120K available (8603K kernel code, 1332K rwdata, 4004K rodata, 1484K init, 1316K bss, 50384K reserved, 0K cma-reserved)
[    0.000000] SLUB: HWalign=64, Order=0-3, MinObjects=0, CPUs=2, Nodes=1
[    0.000000] Kernel/User page tables isolation: enabled
[    0.000000] Hierarchical RCU implementation.
[    0.000000] 	Build-time adjustment of leaf fanout to 64.
[    0.000000] 	RCU restricting CPUs from NR_CPUS=512 to nr_cpu_ids=2.
[    0.000000] RCU: Adjusting geometry for rcu_fanout_leaf=64, nr_cpu_ids=2
[    0.000000] NR_IRQS:33024 nr_irqs:440 16
[    0.000000] Console: colour VGA+ 80x25
[    0.000000] console [tty1] enabled
[    0.000000] console [ttyS0] enabled
[    0.000000] tsc: Detected 2592.000 MHz processor
[    0.277379] Calibrating delay loop (skipped) preset value.. 5184.00 BogoMIPS (lpj=10368000)
[    0.280996] pid_max: default: 32768 minimum: 301
[    0.282732] ACPI: Core revision 20150930
[    0.286141] ACPI: 2 ACPI AML tables successfully acquired and loaded
[    0.288777] Security Framework initialized
[    0.290367] Yama: becoming mindful.
[    0.291784] AppArmor: AppArmor initialized
[    0.293602] Dentry cache hash table entries: 131072 (order: 8, 1048576 bytes)
[    0.302051] Inode-cache hash table entries: 65536 (order: 7, 524288 bytes)
[    0.304806] Mount-cache hash table entries: 2048 (order: 2, 16384 bytes)
[    0.307123] Mountpoint-cache hash table entries: 2048 (order: 2, 16384 bytes)
[    0.309964] Initializing cgroup subsys io
[    0.311605] Initializing cgroup subsys memory
[    0.313433] Initializing cgroup subsys devices
[    0.315052] Initializing cgroup subsys freezer
[    0.316812] Initializing cgroup subsys net_cls
[    0.318441] Initializing cgroup subsys perf_event
[    0.320184] Initializing cgroup subsys net_prio
[    0.322103] Initializing cgroup subsys hugetlb
[    0.323846] Initializing cgroup subsys pids
[    0.327341] mce: CPU supports 0 MCE banks
[    0.329164] Last level iTLB entries: 4KB 64, 2MB 8, 4MB 8
[    0.331199] Last level dTLB entries: 4KB 64, 2MB 0, 4MB 0, 1GB 4
[    0.333428] Spectre V2 : Mitigation: Full generic retpoline
[    0.335443] Spectre V2 : Spectre v2 / SpectreRSB mitigation: Filling RSB on context switch
[    0.338733] Speculative Store Bypass: Vulnerable
[    0.346457] Freeing SMP alternatives memory: 32K
[    0.360399] ftrace: allocating 32277 entries in 127 pages
[    0.489483] smpboot: APIC(0) Converting physical 0 to logical package 0
[    0.492145] smpboot: Max logical packages: 1
[    0.494360] x2apic enabled
[    0.496117] Switched APIC routing to physical x2apic.
[    0.500396] ..TIMER: vector=0x30 apic1=0 pin1=2 apic2=-1 pin2=-1
[    0.608124] smpboot: CPU0: Intel(R) Core(TM) i7-6700HQ CPU @ 2.60GHz (family: 0x6, model: 0x5e, stepping: 0x3)
[    0.612442] Performance Events: unsupported p6 CPU model 94 no PMU driver, software events only.
[    0.638026] KVM setup paravirtual spinlock
[    0.640972] x86: Booting SMP configuration:
[    0.642788] .... node  #0, CPUs:      #1
[    0.644538] kvm-clock: cpu 1, msr 0:3ffe3041, secondary cpu clock
[    0.647936] mce: CPU supports 0 MCE banks
[    0.651065] x86: Booted up 1 node, 2 CPUs
[    0.653310] smpboot: Total of 2 processors activated (10368.00 BogoMIPS)
[    0.656678] devtmpfs: initialized
[    0.662131] evm: security.selinux
[    0.663692] evm: security.SMACK64
[    0.665349] evm: security.SMACK64EXEC
[    0.666984] evm: security.SMACK64TRANSMUTE
[    0.668707] evm: security.SMACK64MMAP
[    0.670278] evm: security.ima
[    0.671672] evm: security.capability
[    0.673476] clocksource: jiffies: mask: 0xffffffff max_cycles: 0xffffffff, max_idle_ns: 7645041785100000 ns
[    0.677411] futex hash table entries: 512 (order: 3, 32768 bytes)
[    0.679887] pinctrl core: initialized pinctrl subsystem
[    0.682131] RTC time: 13:13:31, date: 03/16/19
[    0.684303] NET: Registered protocol family 16
[    0.697863] cpuidle: using governor ladder
[    0.709583] cpuidle: using governor menu
[    0.711367] PCCT header not found.
[    0.713016] ACPI: bus type PCI registered
[    0.714668] acpiphp: ACPI Hot Plug PCI Controller Driver version: 0.5
[    0.717284] PCI: Using configuration type 1 for base access
[    0.734903] ACPI: Added _OSI(Module Device)
[    0.737636] ACPI: Added _OSI(Processor Device)
[    0.740383] ACPI: Added _OSI(3.0 _SCP Extensions)
[    0.743185] ACPI: Added _OSI(Processor Aggregator Device)
[    0.748351] ACPI: Executed 1 blocks of module-level executable AML code
[    0.757756] ACPI: Interpreter enabled
[    0.759441] ACPI: (supports S0 S5)
[    0.760341] ACPI: Using IOAPIC for interrupt routing
[    0.761697] PCI: Using host bridge windows from ACPI; if necessary, use "pci=nocrs" and report a bug
[    0.769162] ACPI: PCI Root Bridge [PCI0] (domain 0000 [bus 00-ff])
[    0.771479] acpi PNP0A03:00: _OSC: OS supports [ASPM ClockPM Segments MSI]
[    0.773729] acpi PNP0A03:00: _OSC: not requesting OS control; OS requires [ExtendedConfig ASPM ClockPM MSI]
[    0.775862] acpi PNP0A03:00: fail to add MMCONFIG information, can't access extended PCI configuration space under this bridge.
[    0.778391] PCI host bridge to bus 0000:00
[    0.779265] pci_bus 0000:00: root bus resource [io  0x0000-0x0cf7 window]
[    0.780720] pci_bus 0000:00: root bus resource [io  0x0d00-0xffff window]
[    0.781971] pci_bus 0000:00: root bus resource [mem 0x000a0000-0x000bffff window]
[    0.783682] pci_bus 0000:00: root bus resource [mem 0x40000000-0xfdffffff window]
[    0.785369] pci_bus 0000:00: root bus resource [bus 00-ff]
[    0.788885] pci 0000:00:01.1: legacy IDE quirk: reg 0x10: [io  0x01f0-0x01f7]
[    0.790959] pci 0000:00:01.1: legacy IDE quirk: reg 0x14: [io  0x03f6]
[    0.792375] pci 0000:00:01.1: legacy IDE quirk: reg 0x18: [io  0x0170-0x0177]
[    0.793997] pci 0000:00:01.1: legacy IDE quirk: reg 0x1c: [io  0x0376]
[    0.819280] pci 0000:00:07.0: quirk: [io  0x4000-0x403f] claimed by PIIX4 ACPI
[    0.822432] pci 0000:00:07.0: quirk: [io  0x4100-0x410f] claimed by PIIX4 SMB
[    0.860330] ACPI: PCI Interrupt Link [LNKA] (IRQs 5 9 10 *11)
[    0.863690] ACPI: PCI Interrupt Link [LNKB] (IRQs 5 9 *10 11)
[    0.866899] ACPI: PCI Interrupt Link [LNKC] (IRQs 5 *9 10 11)
[    0.870017] ACPI: PCI Interrupt Link [LNKD] (IRQs 5 9 10 *11)
[    0.873257] ACPI: Enabled 2 GPEs in block 00 to 07
[    0.875857] vgaarb: setting as boot device: PCI:0000:00:02.0
[    0.878083] vgaarb: device added: PCI:0000:00:02.0,decodes=io+mem,owns=io+mem,locks=none
[    0.881542] vgaarb: loaded
[    0.882843] vgaarb: bridge control possible 0000:00:02.0
[    0.885416] SCSI subsystem initialized
[    0.887278] ACPI: bus type USB registered
[    0.889048] usbcore: registered new interface driver usbfs
[    0.891202] usbcore: registered new interface driver hub
[    0.893267] usbcore: registered new device driver usb
[    0.901530] PCI: Using ACPI for IRQ routing
[    0.903902] NetLabel: Initializing
[    0.905436] NetLabel:  domain hash size = 128
[    0.907200] NetLabel:  protocols = UNLABELED CIPSOv4
[    0.909286] NetLabel:  unlabeled traffic allowed by default
[    0.911936] amd_nb: Cannot enumerate AMD northbridges
[    0.914116] clocksource: Switched to clocksource kvm-clock
[    0.937023] AppArmor: AppArmor Filesystem Enabled
[    0.939141] pnp: PnP ACPI init
[    0.941976] pnp: PnP ACPI: found 3 devices
[    0.962738] clocksource: acpi_pm: mask: 0xffffff max_cycles: 0xffffff, max_idle_ns: 2085701024 ns
[    0.966357] NET: Registered protocol family 2
[    0.968496] TCP established hash table entries: 8192 (order: 4, 65536 bytes)
[    0.971211] TCP bind hash table entries: 8192 (order: 5, 131072 bytes)
[    0.973695] TCP: Hash tables configured (established 8192 bind 8192)
[    0.976273] UDP hash table entries: 512 (order: 2, 16384 bytes)
[    0.978475] UDP-Lite hash table entries: 512 (order: 2, 16384 bytes)
[    0.980958] NET: Registered protocol family 1
[    0.982661] pci 0000:00:00.0: Limiting direct PCI/PCI transfers
[    0.985017] pci 0000:00:01.0: Activating ISA DMA hang workarounds
[    0.987604] Unpacking initramfs...
[    1.500233] Freeing initrd memory: 14796K
[    1.502341] platform rtc_cmos: registered platform RTC device (no PNP device found)
[    1.505555] Scanning for low memory corruption every 60 seconds
[    1.508671] audit: initializing netlink subsys (disabled)
[    1.510736] audit: type=2000 audit(1552742018.470:1): initialized
[    1.513678] Initialise system trusted keyring
[    1.516020] HugeTLB registered 2 MB page size, pre-allocated 0 pages
[    1.520997] zbud: loaded
[    1.523052] VFS: Disk quotas dquot_6.6.0
[    1.524809] VFS: Dquot-cache hash table entries: 512 (order 0, 4096 bytes)
[    1.527859] squashfs: version 4.0 (2009/01/31) Phillip Lougher
[    1.530775] fuse init (API version 7.23)
[    1.532666] Key type big_key registered
[    1.534375] Allocating IMA MOK and blacklist keyrings.
[    1.540836] Key type asymmetric registered
[    1.542636] Asymmetric key parser 'x509' registered
[    1.544720] Block layer SCSI generic (bsg) driver version 0.4 loaded (major 249)
[    1.548248] io scheduler noop registered
[    1.550076] io scheduler deadline registered (default)
[    1.552399] io scheduler cfq registered
[    1.554261] pci_hotplug: PCI Hot Plug PCI Core version: 0.5
[    1.556549] pciehp: PCI Express Hot Plug Controller Driver version: 0.4
[    1.559530] ACPI: AC Adapter [AC] (off-line)
[    1.561427] input: Power Button as /devices/LNXSYSTM:00/LNXPWRBN:00/input/input0
[    1.564793] ACPI: Power Button [PWRF]
[    1.566670] input: Sleep Button as /devices/LNXSYSTM:00/LNXSLPBN:00/input/input1
[    1.570233] ACPI: Sleep Button [SLPF]
[    1.573740] ACPI: Battery Slot [BAT0] (battery present)
[    1.576087] GHES: HEST is not enabled!
[    1.577906] Serial: 8250/16550 driver, 32 ports, IRQ sharing enabled
 	
 !"#$%&'()*+,-./0123456789:;<=>?@ABCDEFGHIJKLMNOPQRSTUVWXYZ[\]^_`abcdefghijklmnopqrstuvwxyz{|}~ÄÅÇÉÑÖÜáàâäãåçéèêëíìîïñóòôöõúùûü†°¢£§•¶ß®©™´¨≠ÆØ∞±≤≥¥µ∂∑∏π∫ªºΩæø¿¡¬√ƒ≈∆«»… ÀÃÕŒœ–—“”‘’÷◊ÿŸ⁄€‹›ﬁﬂ‡·‚„‰ÂÊÁËÈÍÎÏÌÓÔÒÚÛÙıˆ˜¯˘˙˚¸˝˛ˇ[    1.603201] 00:02: ttyS0 at I/O 0x3f8 (irq = 4, base_baud = 115200) is a 16550A
[    1.608312] Linux agpgart interface v0.103
[    1.613890] loop: module loaded
[    1.616720] scsi host0: ata_piix
[    1.618693] scsi host1: ata_piix
[    1.620220] ata1: PATA max UDMA/33 cmd 0x1f0 ctl 0x3f6 bmdma 0xd000 irq 14
[    1.623238] ata2: PATA max UDMA/33 cmd 0x170 ctl 0x376 bmdma 0xd008 irq 15
[    1.627533] libphy: Fixed MDIO Bus: probed
[    1.629981] tun: Universal TUN/TAP device driver, 1.6
[    1.633055] tun: (C) 1999-2004 Max Krasnyansky <maxk@qualcomm.com>
[    1.636475] PPP generic driver version 2.4.2
[    1.639061] ehci_hcd: USB 2.0 'Enhanced' Host Controller (EHCI) Driver
[    1.641577] ehci-pci: EHCI PCI platform driver
[    1.643575] ehci-platform: EHCI generic platform driver
[    1.645052] ohci_hcd: USB 1.1 'Open' Host Controller (OHCI) Driver
[    1.647262] ohci-pci: OHCI PCI platform driver
[    1.649052] ohci-platform: OHCI generic platform driver
[    1.651255] uhci_hcd: USB Universal Host Controller Interface driver
[    1.653603] i8042: PNP: PS/2 Controller [PNP0303:PS2K,PNP0f03:PS2M] at 0x60,0x64 irq 1,12
[    1.658022] serio: i8042 KBD port at 0x60,0x64 irq 1
[    1.660263] serio: i8042 AUX port at 0x60,0x64 irq 12
[    1.662435] mousedev: PS/2 mouse device common for all mice
[    1.665733] rtc_cmos rtc_cmos: rtc core: registered rtc_cmos as rtc0
[    1.668951] rtc_cmos rtc_cmos: alarms up to one day, 114 bytes nvram
[    1.671341] input: AT Translated Set 2 keyboard as /devices/platform/i8042/serio0/input/input2
[    1.674682] i2c /dev entries driver
[    1.676362] device-mapper: uevent: version 1.0.3
[    1.678733] device-mapper: ioctl: 4.34.0-ioctl (2015-10-28) initialised: dm-devel@redhat.com
[    1.683159] ledtrig-cpu: registered to indicate activity on CPUs
[    1.686868] NET: Registered protocol family 10
[    1.689075] NET: Registered protocol family 17
[    1.690908] Key type dns_resolver registered
[    1.693081] registered taskstats version 1
[    1.694794] Loading compiled-in X.509 certificates
[    1.698006] Loaded X.509 cert 'Build time autogenerated kernel key: bff73e56bc0efa7435b2a24f5427674623f1be80'
[    1.702247] zswap: loaded using pool lzo/zbud
[    1.708677] Key type trusted registered
[    1.717811] Key type encrypted registered
[    1.719663] AppArmor: AppArmor sha1 policy hashing enabled
[    1.721682] ima: No TPM chip found, activating TPM-bypass!
[    1.723967] ima: Allocated hash algorithm: sha1
[    1.725869] evm: HMAC attrs: 0x1
[    1.728259]   Magic number: 11:728:230
[    1.729996] rtc_cmos rtc_cmos: setting system clock to 2019-03-16 13:13:32 UTC (1552742012)
[    1.733839] BIOS EDD facility v0.16 2004-Jun-25, 0 devices found
[    1.736329] EDD information not available.
[    1.785919] Freeing unused kernel memory: 1484K
[    1.789415] Write protecting the kernel read-only data: 14336k
[    1.794944] Freeing unused kernel memory: 1624K
[    1.798840] Freeing unused kernel memory: 92K
Loading, please wait...
starting version 229
[    1.842436] random: systemd-udevd: uninitialized urandom read (16 bytes read, 3 bits of entropy available)
[    1.844299] random: udevadm: uninitialized urandom read (16 bytes read, 3 bits of entropy available)
[    1.844344] random: udevadm: uninitialized urandom read (16 bytes read, 3 bits of entropy available)
[    1.859916] random: systemd-udevd: uninitialized urandom read (16 bytes read, 3 bits of entropy available)
[    1.865879] random: systemd-udevd: uninitialized urandom read (16 bytes read, 3 bits of entropy available)
[    1.866559] random: udevadm: uninitialized urandom read (16 bytes read, 3 bits of entropy available)
[    1.866713] random: udevadm: uninitialized urandom read (16 bytes read, 3 bits of entropy available)
[    1.867242] random: udevadm: uninitialized urandom read (16 bytes read, 3 bits of entropy available)
[    1.867436] random: udevadm: uninitialized urandom read (16 bytes read, 3 bits of entropy available)
[    1.867570] random: udevadm: uninitialized urandom read (16 bytes read, 3 bits of entropy available)
[    1.956057] e1000: Intel(R) PRO/1000 Network Driver - version 7.3.21-k8-NAPI
[    1.958764] e1000: Copyright (c) 1999-2006 Intel Corporation.
[    1.962802] Fusion MPT base driver 3.04.20
[    1.964604] Copyright (c) 1999-2008 LSI Corporation
[    1.998297] AVX2 version of gcm_enc/dec engaged.
[    2.000237] AES CTR mode by8 optimization enabled
[    2.001892] Fusion MPT SPI Host driver 3.04.20
[    2.178590] input: ImExPS/2 Generic Explorer Mouse as /devices/platform/i8042/serio1/input/input4
[    2.403222] e1000 0000:00:03.0 eth0: (PCI:33MHz:32-bit) 02:dd:09:7c:76:16
[    2.405869] e1000 0000:00:03.0 eth0: Intel(R) PRO/1000 Network Connection
[    2.502626] tsc: Refined TSC clocksource calibration: 2590.490 MHz
[    2.506261] clocksource: tsc: mask: 0xffffffffffffffff max_cycles: 0x25572458345, max_idle_ns: 440795207637 ns
[    3.056213] e1000 0000:00:08.0 eth1: (PCI:33MHz:32-bit) 08:00:27:ac:37:74
[    3.059573] e1000 0000:00:08.0 eth1: Intel(R) PRO/1000 Network Connection
[    3.064676] mptbase: ioc0: Initiating bringup
[    3.066597] e1000 0000:00:03.0 enp0s3: renamed from eth0
[    3.082693] e1000 0000:00:08.0 enp0s8: renamed from eth1
[    3.137327] ioc0: LSI53C1030 A0: Capabilities={Initiator}
[    4.003615] scsi host2: ioc0: LSI53C1030 A0, FwRev=00000000h, Ports=1, MaxQ=256, IRQ=20
[    4.506419] scsi 2:0:0:0: Direct-Access     VBOX     HARDDISK         1.0  PQ: 0 ANSI: 5
[    4.511888] scsi target2:0:0: Beginning Domain Validation
[    4.520916] scsi target2:0:0: Domain Validation skipping write tests
[    4.524799] scsi target2:0:0: Ending Domain Validation
[    4.528556] scsi target2:0:0: asynchronous
[    4.533635] scsi 2:0:1:0: Direct-Access     VBOX     HARDDISK         1.0  PQ: 0 ANSI: 5
[    4.539293] scsi target2:0:1: Beginning Domain Validation
[    4.549062] scsi target2:0:1: Domain Validation skipping write tests
[    4.553016] scsi target2:0:1: Ending Domain Validation
[    4.588610] scsi target2:0:1: asynchronous
[    4.619136] sd 2:0:0:0: Attached scsi generic sg0 type 0
[    4.622974] sd 2:0:0:0: [sda] 20971520 512-byte logical blocks: (10.7 GB/10.0 GiB)
[    4.629489] sd 2:0:1:0: [sdb] 20480 512-byte logical blocks: (10.5 MB/10.0 MiB)
[    4.635298] sd 2:0:1:0: Attached scsi generic sg1 type 0
[    4.635542] sd 2:0:0:0: [sda] Write Protect is off
[    4.639245] sd 2:0:1:0: [sdb] Write Protect is off
[    4.642496] sd 2:0:0:0: [sda] Incomplete mode parameter data
[    4.642501] sd 2:0:0:0: [sda] Assuming drive cache: write through
[    4.649636] sd 2:0:1:0: [sdb] Incomplete mode parameter data
[    4.649641] sd 2:0:1:0: [sdb] Assuming drive cache: write through
[    4.662613]  sda: sda1
[    4.665648] sd 2:0:0:0: [sda] Attached SCSI disk
[    4.771348] sd 2:0:1:0: [sdb] Attached SCSI disk
Begin: Loading essential drivers ... [    6.523036] md: linear personality registered for level -1
[    6.529705] md: multipath personality registered for level -4
[    6.536421] md: raid0 personality registered for level 0
[    6.545734] md: raid1 personality registered for level 1
[    6.622213] raid6: sse2x1   gen()  4381 MB/s
[    6.690428] raid6: sse2x1   xor()  3860 MB/s
[    6.758206] raid6: sse2x2   gen()  6279 MB/s
[    6.826209] raid6: sse2x2   xor()  4354 MB/s
[    6.894410] raid6: sse2x4   gen()  7177 MB/s
[    6.962199] raid6: sse2x4   xor()  4993 MB/s
[    7.030206] raid6: avx2x1   gen() 10106 MB/s
[    7.098390] raid6: avx2x2   gen() 11551 MB/s
[    7.166180] raid6: avx2x4   gen() 12832 MB/s
[    7.167794] raid6: using algorithm avx2x4 gen() 12832 MB/s
[    7.169844] raid6: using avx2x2 recovery algorithm
[    7.173525] xor: automatically using best checksumming function:
[    7.214972]    avx       : 13307.000 MB/sec
[    7.219160] async_tx: api initialized (async)
[    7.239978] md: raid6 personality registered for level 6
[    7.242227] md: raid5 personality registered for level 5
[    7.244151] md: raid4 personality registered for level 4
[    7.258254] md: raid10 personality registered for level 10
done.
Begin: Running /scripts/init-premount ... done.
Begin: Mounting root file system ... Begin: Running /scripts/local-top ... done.
Begin: Running /scripts/local-premount ... [    7.315537] Btrfs loaded
Scanning for Btrfs filesystems
done.
Warning: fsck not present, so skipping root file system
[    7.526735] EXT4-fs (sda1): mounted filesystem with ordered data mode. Opts: (null)
done.
Begin: Running /scripts/local-bottom ... done.
Begin: Running /scripts/init-bottom ... done.
[    8.300871] systemd[1]: systemd 229 running in system mode. (+PAM +AUDIT +SELINUX +IMA +APPARMOR +SMACK +SYSVINIT +UTMP +LIBCRYPTSETUP +GCRYPT +GNUTLS +ACL +XZ -LZ4 +SECCOMP +BLKID +ELFUTILS +KMOD -IDN)
[    8.312241] systemd[1]: Detected virtualization oracle.
[    8.315823] systemd[1]: Detected architecture x86-64.

Welcome to [1mUbuntu 16.04.6 LTS[0m!

[    8.361379] systemd[1]: Set hostname to <mail-server-2-hostname>.
[    8.375911] random: nonblocking pool is initialized
[    9.632748] systemd[1]: Reached target Swap.
[[0;32m  OK  [0m] Reached target Swap.
[    9.637999] systemd[1]: Started Trigger resolvconf update for networkd DNS.
[[0;32m  OK  [0m] Started Trigger resolvconf update for networkd DNS.
[    9.644952] systemd[1]: Listening on Syslog Socket.
[[0;32m  OK  [0m] Listening on Syslog Socket.
[    9.651185] systemd[1]: Created slice User and Session Slice.
[[0;32m  OK  [0m] Created slice User and Session Slice.
[    9.657436] systemd[1]: Listening on udev Control Socket.
[[0;32m  OK  [0m] Listening on udev Control Socket.
[    9.671588] systemd[1]: Listening on LVM2 metadata daemon socket.
[[0;32m  OK  [0m] Listening on LVM2 metadata daemon socket.
[    9.678030] systemd[1]: Listening on Journal Audit Socket.
[[0;32m  OK  [0m] Listening on Journal Audit Socket.
[    9.691022] systemd[1]: Listening on Device-mapper event daemon FIFOs.
[[0;32m  OK  [0m] Listening on Device-mapper event daemon FIFOs.
[    9.697792] systemd[1]: Reached target User and Group Name Lookups.
[[0;32m  OK  [0m] Reached target User and Group Name Lookups.
[    9.704451] systemd[1]: Listening on LVM2 poll daemon socket.
[[0;32m  OK  [0m] Listening on LVM2 poll daemon socket.
[    9.710294] systemd[1]: Listening on Journal Socket (/dev/log).
[[0;32m  OK  [0m] Listening on Journal Socket (/dev/log).
[    9.716069] systemd[1]: Reached target System Time Synchronized.
[[0;32m  OK  [0m] Reached target System Time Synchronized.
[    9.722103] systemd[1]: Reached target Encrypted Volumes.
[[0;32m  OK  [0m] Reached target Encrypted Volumes.
[    9.734855] systemd[1]: Listening on udev Kernel Socket.
[[0;32m  OK  [0m] Listening on udev Kernel Socket.
[    9.747730] systemd[1]: Started Forward Password Requests to Wall Directory Watch.
[[0;32m  OK  [0m] Started Forward Password Requests to Wall Directory Watch.
[    9.755493] systemd[1]: Listening on /dev/initctl Compatibility Named Pipe.
[[0;32m  OK  [0m] Listening on /dev/initctl Compatibility Named Pipe.
[    9.763315] systemd[1]: Created slice System Slice.
[[0;32m  OK  [0m] Created slice System Slice.
[    9.774950] systemd[1]: Reached target Slices.
[[0;32m  OK  [0m] Reached target Slices.
[    9.780828] systemd[1]: Created slice system-serial\x2dgetty.slice.
[[0;32m  OK  [0m] Created slice system-serial\x2dgetty.slice.
[    9.787308] systemd[1]: Set up automount Arbitrary Executable File Formats File System Automount Point.
[[0;32m  OK  [0m] Set up automount Arbitrary Executab...ats File System Automount Point.
[    9.796120] systemd[1]: Listening on Journal Socket.
[[0;32m  OK  [0m] Listening on Journal Socket.
[   10.082962] systemd[1]: Starting Monitoring of LVM2 mirrors, snapshots etc. using dmeventd or progress polling...
         Starting Monitoring of LVM2 mirrors... dmeventd or progress polling...
[   10.094789] systemd[1]: Starting Create list of required static device nodes for the current kernel...
         Starting Create list of required st... nodes for the current kernel...
[   10.122798] systemd[1]: Starting Nameserver information manager...
         Starting Nameserver information manager...
[   10.136515] systemd[1]: Starting Set console keymap...
         Starting Set console keymap...
[   10.149246] systemd[1]: Starting Uncomplicated firewall...
         Starting Uncomplicated firewall...
[   10.275194] systemd[1]: Mounting POSIX Message Queue File System...
         Mounting POSIX Message Queue File System...
[   10.289209] systemd[1]: Mounting Debug File System...
         Mounting Debug File System...
[   10.311879] systemd[1]: Starting Remount Root and Kernel File Systems...
         Starting Remount Root and Kernel File Systems...
[   10.326501] systemd[1]: Starting Journal Service...
         Starting Journal Service...
[   10.341633] systemd[1]: Mounting Huge Pages File System...
         Mounting Huge Pages File System...
[   10.507373] systemd[1]: Starting Load Kernel Modules...
         Starting Load Kernel Modules...
[   10.525057] systemd[1]: Started Create list of required static device nodes for the current kernel.
[[0;32m  OK  [0m] Started Create list of required sta...ce nodes for the current kernel.
[   10.537940] systemd[1]: Started Uncomplicated firewall.
[[0;32m  OK  [0m] Started Uncomplicated firewall.
[   10.564937] systemd[1]: Mounted POSIX Message Queue File System.
[[0;32m  OK  [0m] Mounted POSIX Message Queue File System.
[   10.573854] systemd[1]: Mounted Debug File System.
[   10.575435] EXT4-fs (sda1): re-mounted. Opts: (null)
[[0;32m  OK  [0m] Mounted Debug File System.
[   10.585804] systemd[1]: Mounted Huge Pages File System.
[[0;32m  OK  [0m] Mounted Huge Pages File System.
[   10.627199] systemd[1]: Started Remount Root and Kernel File Systems.
[[0;32m  OK  [0m] Started Remount Root and Kernel File Systems.
[   10.818268] systemd[1]: Starting udev Coldplug all Devices...
         Starting udev Coldplug all Devices...
[   10.821035] systemd[1]: Starting Load/Save Random Seed...
         Starting Load/Save Random Seed...
[   10.832248] systemd[1]: Starting Create Static Device Nodes in /dev...
         Starting Create Static Device Nodes in /dev...
[   10.844437] systemd[1]: Started Nameserver information manager.
[[0;32m  OK  [0m] Started Nameserver information manager.
[   10.883246] Loading iSCSI transport class v2.0-870.
[   11.018432] systemd[1]: Started Set console keymap.
[[0;32m  OK  [0m] Started Set console keymap.
[   11.039262] systemd[1]: Started LVM2 metadata daemon.
[[0;32m  OK  [0m] Started LVM2 metadata daemon.
[   11.054183] systemd[1]: Started Load/Save Random Seed.
[[0;32m  OK  [0m] Started Load/Save Random Seed.
[   11.071631] systemd[1]: Started Journal Service.
[[0;32m  OK  [0m] Started Journal Service.
[   11.076235] iscsi: registered transport (tcp)
         Starting Flush Journal to Persistent Storage...
[[0;32m  OK  [0m] Started udev Coldplug all Devices.
[   11.216246] systemd-journald[407]: Received request to flush runtime journal from PID 1
[[0;32m  OK  [0m] Started Flush Journal to Persistent Storage.
[   11.387517] iscsi: registered transport (iser)
[[0;32m  OK  [0m] Started Load Kernel Modules.
         Mounting FUSE Control File System...
         Starting Apply Kernel Variables...
[[0;32m  OK  [0m] Mounted FUSE Control File System.
[[0;32m  OK  [0m] Started Monitoring of LVM2 mirrors,...ng dmeventd or progress polling.
[[0;32m  OK  [0m] Started Create Static Device Nodes in /dev.
[[0;32m  OK  [0m] Reached target Local File Systems (Pre).
[[0;32m  OK  [0m] Reached target Local File Systems.
         Starting Tell Plymouth To Write Out Runtime Data...
         Starting Set console font and keymap...
         Starting Initial cloud-init job (pre-networking)...
         Starting LSB: AppArmor initialization...
         Starting Create Volatile Files and Directories...
         Starting udev Kernel Device Manager...
[[0;32m  OK  [0m] Started Apply Kernel Variables.
[[0;32m  OK  [0m] Started Tell Plymouth To Write Out Runtime Data.
[[0;32m  OK  [0m] Started Create Volatile Files and Directories.
         Starting Update UTMP about System Boot/Shutdown...
[[0;32m  OK  [0m] Started Update UTMP about System Boot/Shutdown.
[[0;32m  OK  [0m] Started udev Kernel Device Manager.
[[0;32m  OK  [0m] Started Dispatch Password Requests to Console Directory Watch.
[[0;32m  OK  [0m] Started Set console font and keymap.
[[0;32m  OK  [0m] Created slice system-getty.slice.
[[0;32m  OK  [0m] Found device /dev/ttyS0.
[[0;32m  OK  [0m] Listening on Load/Save RF Kill Switch Status /dev/rfkill Watch.
[[0;32m  OK  [0m] Started LSB: AppArmor initialization.
[[0;32m  OK  [0m] Found device 82540EM Gigabit Ethern...r (PRO/1000 MT Desktop Adapter).
[[0;32m  OK  [0m] Found device 82540EM Gigabit Ethern...r (PRO/1000 MT Desktop Adapter).
[   18.698372] cloud-init[490]: Cloud-init v. 18.5-21-g8ee294d5-0ubuntu1~16.04.1 running 'init-local' at Sat, 16 Mar 2019 13:13:48 +0000. Up 17.66 seconds.
[[0;32m  OK  [0m] Started Initial cloud-init job (pre-networking).
[[0;32m  OK  [0m] Reached target Network (Pre).
[[0;32m  OK  [0m] Started ifup for enp0s3.
[[0;32m  OK  [0m] Started ifup for enp0s8.
         Starting Raise network interfaces...
[[0;32m  OK  [0m] Started Raise network interfaces.
         Starting Initial cloud-init job (metadata service crawler)...
[[0;32m  OK  [0m] Reached target Network.
[   20.524190] cloud-init[1108]: Cloud-init v. 18.5-21-g8ee294d5-0ubuntu1~16.04.1 running 'init' at Sat, 16 Mar 2019 13:13:50 +0000. Up 19.64 seconds.
[   20.532948] cloud-init[1108]: ci-info: ++++++++++++++++++++++++++++++++++++++Net device info+++++++++++++++++++++++++++++++++++++++
[   20.545154] cloud-init[1108]: ci-info: +--------+------+-----------------------------+---------------+--------+-------------------+
[   20.556962] cloud-init[1108]: ci-info: | Device |  Up  |           Address           |      Mask     | Scope  |     Hw-Address    |
[   20.560598] cloud-init[1108]: ci-info: +--------+------+-----------------------------+---------------+--------+-------------------+
[   20.564890] cloud-init[1108]: ci-info: | enp0s3 | True |          10.0.2.15          | 255.255.255.0 | global | 02:dd:09:7c:76:16 |
[   20.568874] cloud-init[1108]: ci-info: | enp0s3 | True |  fe80::dd:9ff:fe7c:7616/64  |       .       |  link  | 02:dd:09:7c:76:16 |
[   20.572735] cloud-init[1108]: ci-info: | enp0s8 | True |        192.168.50.101       | 255.255.255.0 | global | 08:00:27:ac:37:74 |
[   20.576945] cloud-init[1108]: ci-info: | enp0s8 | True | fe80::a00:27ff:feac:3774/64 |       .       |  link  | 08:00:27:ac:37:74 |
[   20.589055] cloud-init[1108]: ci-info: |   lo   | True |          127.0.0.1          |   255.0.0.0   |  host  |         .         |
[   20.593821] cloud-init[1108]: ci-info: |   lo   | True |           ::1/128           |       .       |  host  |         .         |
[   20.597786] cloud-init[1108]: ci-info: +--------+------+-----------------------------+---------------+--------+-------------------+
[   20.601481] cloud-init[1108]: ci-info: ++++++++++++++++++++++++++++Route IPv4 info++++++++++++++++++++++++++++
[   20.608679] cloud-init[1108]: ci-info: +-------+--------------+----------+---------------+-----------+-------+
[   20.610845] cloud-init[1108]: ci-info: | Route | Destination  | Gateway  |    Genmask    | Interface | Flags |
[   20.612805] cloud-init[1108]: ci-info: +-------+--------------+----------+---------------+-----------+-------+
[   20.624793] cloud-init[1108]: ci-info: |   0   |   0.0.0.0    | 10.0.2.2 |    0.0.0.0    |   enp0s3  |   UG  |
[[   20.625015] cloud-init[1108]: ci-info: |   1   |   10.0.2.0   | 0.0.0.0  | 255.255.255.0 |   enp0s3  |   U   |
[0;32m  OK  [0m[   20.626380] cloud-init[1108]: ci-info: |   2   | 192.168.50.0 | 0.0.0.0  | 255.255.255.0 |   enp0s8  |   U   |
[   20.627471] cloud-init[1108]: ci-info: +-------+--------------+----------+---------------+-----------+-------+
[   20.627679] cloud-init[1108]: ci-info: +++++++++++++++++++Route IPv6 info+++++++++++++++++++
[   20.627861] cloud-init[1108]: ci-info: +-------+-------------+---------+-----------+-------+
[   20.628626] cloud-init[1108]: ci-info: | Route | Destination | Gateway | Interface | Flags |
[   20.629076] cloud-init[1108]: ci-info: +-------+-------------+---------+-----------+-------+
[   20.629374] cloud-init[1108]: ci-info: |   0   |  fe80::/64  |    ::   |   enp0s8  |   U   |
[   20.629683] cloud-init[1108]: ci-info: |   1   |  fe80::/64  |    ::   |   enp0s3  |   U   |
[   20.630006] cloud-init[1108]: ci-info: |   4   |   ff00::/8  |    ::   |   enp0s8  |   U   |
[   20.630311] cloud-init[1108]: ci-info: |   5   |   ff00::/8  |    ::   |   enp0s3  |   U   |
[   20.630698] cloud-init[1108]: ci-info: +-------+-------------+---------+-----------+-------+
] Started Initial cloud-init job (metadata service crawler).
[[0;32m  OK  [0m] Reached target Cloud-config availability.
[[0;32m  OK  [0m] Reached target Network is Online.
         Starting iSCSI initiator daemon (iscsid)...
[[0;32m  OK  [0m] Reached target System Initialization.
[[0;32m  OK  [0m] Listening on D-Bus System Message Bus Socket.
[[0;32m  OK  [0m] Listening on UUID daemon activation socket.
[[0;32m  OK  [0m] Started Daily apt download activities.
[[0;32m  OK  [0m] Started ACPI Events Check.
[[0;32m  OK  [0m] Reached target Paths.
[[0;32m  OK  [0m] Listening on ACPID Listen Socket.
         Starting Socket activation for snappy daemon.
[[0;32m  OK  [0m] Started Daily apt upgrade and clean activities.
[[0;32m  OK  [0m] Started Daily Cleanup of Temporary Directories.
[[0;32m  OK  [0m] Reached target Timers.
         Starting LXD - unix socket.
[[0;32m  OK  [0m] Listening on Socket activation for snappy daemon.
[[0;32m  OK  [0m] Listening on LXD - unix socket.
[[0;32m  OK  [0m] Reached target Sockets.
[[0;32m  OK  [0m] Reached target Basic System.
         Starting LXD - container startup/shutdown...
[[0;32m  OK  [0m] Started ACPI event daemon.
         Starting LSB: MD monitoring daemon...
[[0;32m  OK  [0m] Started Regular background program processing daemon.
[[0;32m  OK  [0m] Started Deferred execution scheduler.
         Starting LSB: Record successful boot for GRUB...
         Starting Accounts Service...
         Starting System Logging Service...
[[0;32m  OK  [0m] Started Unattended Upgrades Shutdown.
[[0;32m  OK  [0m] Started D-Bus System Message Bus.
         Starting Login Service...
         Starting Virtualbox guest utils...
         Starting OpenBSD Secure Shell server...
[[0;32m  OK  [0m] Started FUSE filesystem for LXC.
         Starting /etc/rc.local Compatibility...
         Starting Snappy daemon...
[[0;32m  OK  [0m] Started System Logging Service.
[[0;32m  OK  [0m] Started iSCSI initiator daemon (iscsid).
[[0;32m  OK  [0m] Started /etc/rc.local Compatibility.
[[0;32m  OK  [0m] Started Login Service.
         Starting Authenticate and Authorize Users to Run Privileged Tasks...
         Starting Login to default iSCSI targets...
[[0;32m  OK  [0m] Started LSB: Record successful boot for GRUB.
[[0;32m  OK  [0m] Started LSB: MD monitoring daemon.
[[0;32m  OK  [0m] Started Login to default iSCSI targets.
[[0;32m  OK  [0m] Reached target Remote File Systems (Pre).
[[0;32m  OK  [0m] Reached target Remote File Systems.
         Starting Permit User Sessions...
         Starting LSB: daemon to balance interrupts for SMP systems...
         Starting LSB: Set the CPU Frequency Scaling governor to "ondemand"...
         Starting LSB: automatic crash report generation...
[[0;32m  OK  [0m] Started LSB: Set the CPU Frequency Scaling governor to "ondemand".
[[0;32m  OK  [0m] Started Permit User Sessions.
         Starting Hold until boot process finishes up...
         Starting Terminate Plymouth Boot Screen...
[[0;32m  OK  [0m] Started Hold until boot process finishes up.
[[0;32m  OK  [0m] Started Terminate Plymouth Boot Screen.
[[0;32m  OK  [0m] Started Authenticate and Authorize Users to Run Privileged Tasks.
[[0;32m  OK  [0m] Started Accounts Service.
         Starting Set console scheme...
[[0;32m  OK  [0m] Started Serial Getty on ttyS0.
[[0;32m  OK  [0m] Started Getty on tty1.
[[0;32m  OK  [0m] Reached target Login Prompts.
[[0;32m  OK  [0m] Started Set console scheme.
[[0;32m  OK  [0m] Started LSB: daemon to balance interrupts for SMP systems.
[[0;32m  OK  [0m] Started LSB: automatic crash report generation.
[[0;32m  OK  [0m] Started Virtualbox guest utils.
[[0;32m  OK  [0m] Started OpenBSD Secure Shell server.
[[0;32m  OK  [0m] Started LXD - container startup/shutdown.
[[0;32m  OK  [0m] Started Snappy daemon.
         Starting Wait until snapd is fully seeded...
[[0;32m  OK  [0m] Started Wait until snapd is fully seeded.
         Starting Apply the settings specified in cloud-config...
[[0;32m  OK  [0m] Reached target Multi-User System.
[[0;32m  OK  [0m] Reached target Graphical Interface.
         Starting Update UTMP about System Runlevel Changes...
[[0;32m  OK  [0m] Started Update UTMP about System Runlevel Changes.
[[0;32m  OK  [0m] Created slice User Slice of vagrant.
         Starting User Manager for UID 1000...
[[0;32m  OK  [0m] Started Session 1 of user vagrant.
[   26.101293] cloud-init[1355]: Cloud-init v. 18.5-21-g8ee294d5-0ubuntu1~16.04.1 running 'modules:config' at Sat, 16 Mar 2019 13:13:57 +0000. Up 25.79 seconds.
[[0;32m  OK  [0m] Started User Manager for UID 1000.
[[0;32m  OK  [0m] Started Apply the settings specified in cloud-config.
         Starting Execute cloud user/final scripts...
[   26.895446] cloud-init[1378]: Cloud-init v. 18.5-21-g8ee294d5-0ubuntu1~16.04.1 running 'modules:final' at Sat, 16 Mar 2019 13:13:57 +0000. Up 26.69 seconds.
[   26.897868] cloud-init[1378]: Cloud-init v. 18.5-21-g8ee294d5-0ubuntu1~16.04.1 finished at Sat, 16 Mar 2019 13:13:58 +0000. Datasource DataSourceNoCloud [seed=/dev/sdb][dsmode=net].  Up 26.88 seconds
[[0;32m  OK  [0m] Started Execute cloud user/final scripts.
[[0;32m  OK  [0m] Reached target Cloud-init target.

Ubuntu 16.04.6 LTS mail-server-2-hostname ttyS0

mail-server-2-hostname login: 