[    0.000000] Initializing cgroup subsys cpuset
[    0.000000] Initializing cgroup subsys cpu
[    0.000000] Initializing cgroup subsys cpuacct
[    0.000000] Linux version 4.4.0-142-generic (buildd@lgw01-amd64-033) (gcc version 5.4.0 20160609 (Ubuntu 5.4.0-6ubuntu1~16.04.10) ) #168-Ubuntu SMP Wed Jan 16 21:00:45 UTC 2019 (Ubuntu 4.4.0-142.168-generic 4.4.167)
[    0.000000] Command line: BOOT_IMAGE=/boot/vmlinuz-4.4.0-142-generic root=LABEL=cloudimg-rootfs ro console=tty1 console=ttyS0
[    0.000000] KERNEL supported cpus:
[    0.000000]   Intel GenuineIntel
[    0.000000]   AMD AuthenticAMD
[    0.000000]   Centaur CentaurHauls
[    0.000000] x86/fpu: xstate_offset[2]:  576, xstate_sizes[2]:  256
[    0.000000] x86/fpu: Supporting XSAVE feature 0x01: 'x87 floating point registers'
[    0.000000] x86/fpu: Supporting XSAVE feature 0x02: 'SSE registers'
[    0.000000] x86/fpu: Supporting XSAVE feature 0x04: 'AVX registers'
[    0.000000] x86/fpu: Enabled xstate features 0x7, context size is 832 bytes, using 'standard' format.
[    0.000000] e820: BIOS-provided physical RAM map:
[    0.000000] BIOS-e820: [mem 0x0000000000000000-0x000000000009fbff] usable
[    0.000000] BIOS-e820: [mem 0x000000000009fc00-0x000000000009ffff] reserved
[    0.000000] BIOS-e820: [mem 0x00000000000f0000-0x00000000000fffff] reserved
[    0.000000] BIOS-e820: [mem 0x0000000000100000-0x000000003ffeffff] usable
[    0.000000] BIOS-e820: [mem 0x000000003fff0000-0x000000003fffffff] ACPI data
[    0.000000] BIOS-e820: [mem 0x00000000fec00000-0x00000000fec00fff] reserved
[    0.000000] BIOS-e820: [mem 0x00000000fee00000-0x00000000fee00fff] reserved
[    0.000000] BIOS-e820: [mem 0x00000000fffc0000-0x00000000ffffffff] reserved
[    0.000000] NX (Execute Disable) protection: active
[    0.000000] SMBIOS 2.5 present.
[    0.000000] Hypervisor detected: KVM
[    0.000000] e820: last_pfn = 0x3fff0 max_arch_pfn = 0x400000000
[    0.000000] MTRR: Disabled
[    0.000000] x86/PAT: MTRRs disabled, skipping PAT initialization too.
[    0.000000] CPU MTRRs all blank - virtualized system.
[    0.000000] x86/PAT: Configuration [0-7]: WB  WT  UC- UC  WB  WT  UC- UC  
[    0.000000] found SMP MP-table at [mem 0x0009fff0-0x0009ffff] mapped at [ffff88000009fff0]
[    0.000000] Scanning 1 areas for low memory corruption
[    0.000000] RAMDISK: [mem 0x3630a000-0x3717cfff]
[    0.000000] ACPI: Early table checksum verification disabled
[    0.000000] ACPI: RSDP 0x00000000000E0000 000024 (v02 VBOX  )
[    0.000000] ACPI: XSDT 0x000000003FFF0030 00003C (v01 VBOX   VBOXXSDT 00000001 ASL  00000061)
[    0.000000] ACPI: FACP 0x000000003FFF00F0 0000F4 (v04 VBOX   VBOXFACP 00000001 ASL  00000061)
[    0.000000] ACPI: DSDT 0x000000003FFF0470 0022EA (v02 VBOX   VBOXBIOS 00000002 INTL 20100528)
[    0.000000] ACPI: FACS 0x000000003FFF0200 000040
[    0.000000] ACPI: FACS 0x000000003FFF0200 000040
[    0.000000] ACPI: APIC 0x000000003FFF0240 00005C (v02 VBOX   VBOXAPIC 00000001 ASL  00000061)
[    0.000000] ACPI: SSDT 0x000000003FFF02A0 0001CC (v01 VBOX   VBOXCPUT 00000002 INTL 20100528)
[    0.000000] No NUMA configuration found
[    0.000000] Faking a node at [mem 0x0000000000000000-0x000000003ffeffff]
[    0.000000] NODE_DATA(0) allocated [mem 0x3ffeb000-0x3ffeffff]
[    0.000000] kvm-clock: Using msrs 4b564d01 and 4b564d00
[    0.000000] kvm-clock: cpu 0, msr 0:3ffe3001, primary cpu clock
[    0.000000] kvm-clock: using sched offset of 4130037043 cycles
[    0.000000] clocksource: kvm-clock: mask: 0xffffffffffffffff max_cycles: 0x1cd42e4dffb, max_idle_ns: 881590591483 ns
[    0.000000] Zone ranges:
[    0.000000]   DMA      [mem 0x0000000000001000-0x0000000000ffffff]
[    0.000000]   DMA32    [mem 0x0000000001000000-0x000000003ffeffff]
[    0.000000]   Normal   empty
[    0.000000]   Device   empty
[    0.000000] Movable zone start for each node
[    0.000000] Early memory node ranges
[    0.000000]   node   0: [mem 0x0000000000001000-0x000000000009efff]
[    0.000000]   node   0: [mem 0x0000000000100000-0x000000003ffeffff]
[    0.000000] Initmem setup node 0 [mem 0x0000000000001000-0x000000003ffeffff]
[    0.000000] ACPI: PM-Timer IO Port: 0x4008
[    0.000000] IOAPIC[0]: apic_id 2, version 32, address 0xfec00000, GSI 0-23
[    0.000000] ACPI: INT_SRC_OVR (bus 0 bus_irq 0 global_irq 2 dfl dfl)
[    0.000000] ACPI: INT_SRC_OVR (bus 0 bus_irq 9 global_irq 9 low level)
[    0.000000] Using ACPI (MADT) for SMP configuration information
[    0.000000] smpboot: Allowing 2 CPUs, 0 hotplug CPUs
[    0.000000] PM: Registered nosave memory: [mem 0x00000000-0x00000fff]
[    0.000000] PM: Registered nosave memory: [mem 0x0009f000-0x0009ffff]
[    0.000000] PM: Registered nosave memory: [mem 0x000a0000-0x000effff]
[    0.000000] PM: Registered nosave memory: [mem 0x000f0000-0x000fffff]
[    0.000000] e820: [mem 0x40000000-0xfebfffff] available for PCI devices
[    0.000000] Booting paravirtualized kernel on KVM
[    0.000000] clocksource: refined-jiffies: mask: 0xffffffff max_cycles: 0xffffffff, max_idle_ns: 7645519600211568 ns
[    0.000000] setup_percpu: NR_CPUS:512 nr_cpumask_bits:512 nr_cpu_ids:2 nr_node_ids:1
[    0.000000] PERCPU: Embedded 34 pages/cpu @ffff88003fc00000 s99480 r8192 d31592 u1048576
[    0.000000] Built 1 zonelists in Node order, mobility grouping on.  Total pages: 257912
[    0.000000] Policy zone: DMA32
[    0.000000] Kernel command line: BOOT_IMAGE=/boot/vmlinuz-4.4.0-142-generic root=LABEL=cloudimg-rootfs ro console=tty1 console=ttyS0
[    0.000000] PID hash table entries: 4096 (order: 3, 32768 bytes)
[    0.000000] Memory: 997736K/1048120K available (8603K kernel code, 1332K rwdata, 4004K rodata, 1484K init, 1316K bss, 50384K reserved, 0K cma-reserved)
[    0.000000] SLUB: HWalign=64, Order=0-3, MinObjects=0, CPUs=2, Nodes=1
[    0.000000] Kernel/User page tables isolation: enabled
[    0.000000] Hierarchical RCU implementation.
[    0.000000] 	Build-time adjustment of leaf fanout to 64.
[    0.000000] 	RCU restricting CPUs from NR_CPUS=512 to nr_cpu_ids=2.
[    0.000000] RCU: Adjusting geometry for rcu_fanout_leaf=64, nr_cpu_ids=2
[    0.000000] NR_IRQS:33024 nr_irqs:440 16
[    0.000000] Console: colour VGA+ 80x25
[    0.000000] console [tty1] enabled
[    0.000000] console [ttyS0] enabled
[    0.000000] tsc: Detected 2592.000 MHz processor
[    0.138939] Calibrating delay loop (skipped) preset value.. 5184.00 BogoMIPS (lpj=10368000)
[    0.140631] pid_max: default: 32768 minimum: 301
[    0.141443] ACPI: Core revision 20150930
[    0.143032] ACPI: 2 ACPI AML tables successfully acquired and loaded
[    0.144398] Security Framework initialized
[    0.145198] Yama: becoming mindful.
[    0.145996] AppArmor: AppArmor initialized
[    0.146802] Dentry cache hash table entries: 131072 (order: 8, 1048576 bytes)
[    0.151180] Inode-cache hash table entries: 65536 (order: 7, 524288 bytes)
[    0.152609] Mount-cache hash table entries: 2048 (order: 2, 16384 bytes)
[    0.154458] Mountpoint-cache hash table entries: 2048 (order: 2, 16384 bytes)
[    0.156116] Initializing cgroup subsys io
[    0.157148] Initializing cgroup subsys memory
[    0.158117] Initializing cgroup subsys devices
[    0.159379] Initializing cgroup subsys freezer
[    0.160447] Initializing cgroup subsys net_cls
[    0.161455] Initializing cgroup subsys perf_event
[    0.162352] Initializing cgroup subsys net_prio
[    0.163289] Initializing cgroup subsys hugetlb
[    0.164171] Initializing cgroup subsys pids
[    0.166142] mce: CPU supports 0 MCE banks
[    0.167066] Last level iTLB entries: 4KB 64, 2MB 8, 4MB 8
[    0.168126] Last level dTLB entries: 4KB 64, 2MB 0, 4MB 0, 1GB 4
[    0.169167] Spectre V2 : Mitigation: Full generic retpoline
[    0.170238] Spectre V2 : Spectre v2 / SpectreRSB mitigation: Filling RSB on context switch
[    0.171851] Speculative Store Bypass: Vulnerable
[    0.175988] Freeing SMP alternatives memory: 32K
[    0.183540] ftrace: allocating 32277 entries in 127 pages
[    0.246730] smpboot: APIC(0) Converting physical 0 to logical package 0
[    0.248206] smpboot: Max logical packages: 1
[    0.249447] x2apic enabled
[    0.250337] Switched APIC routing to physical x2apic.
[    0.252739] ..TIMER: vector=0x30 apic1=0 pin1=2 apic2=-1 pin2=-1
[    0.358870] smpboot: CPU0: Intel(R) Core(TM) i7-6700HQ CPU @ 2.60GHz (family: 0x6, model: 0x5e, stepping: 0x3)
[    0.361075] Performance Events: unsupported p6 CPU model 94 no PMU driver, software events only.
[    0.373275] KVM setup paravirtual spinlock
[    0.374984] x86: Booting SMP configuration:
[    0.376100] .... node  #0, CPUs:      #1
[    0.377214] kvm-clock: cpu 1, msr 0:3ffe3041, secondary cpu clock
[    0.379979] mce: CPU supports 0 MCE banks
[    0.382726] x86: Booted up 1 node, 2 CPUs
[    0.383780] smpboot: Total of 2 processors activated (10368.00 BogoMIPS)
[    0.385636] devtmpfs: initialized
[    0.388346] evm: security.selinux
[    0.389096] evm: security.SMACK64
[    0.389844] evm: security.SMACK64EXEC
[    0.390619] evm: security.SMACK64TRANSMUTE
[    0.391581] evm: security.SMACK64MMAP
[    0.392333] evm: security.ima
[    0.392986] evm: security.capability
[    0.393931] clocksource: jiffies: mask: 0xffffffff max_cycles: 0xffffffff, max_idle_ns: 7645041785100000 ns
[    0.396064] futex hash table entries: 512 (order: 3, 32768 bytes)
[    0.397346] pinctrl core: initialized pinctrl subsystem
[    0.398463] RTC time: 12:39:22, date: 03/16/19
[    0.399897] NET: Registered protocol family 16
[    0.410840] cpuidle: using governor ladder
[    0.423745] cpuidle: using governor menu
[    0.424755] PCCT header not found.
[    0.425797] ACPI: bus type PCI registered
[    0.426693] acpiphp: ACPI Hot Plug PCI Controller Driver version: 0.5
[    0.428007] PCI: Using configuration type 1 for base access
[    0.440519] ACPI: Added _OSI(Module Device)
[    0.441479] ACPI: Added _OSI(Processor Device)
[    0.442348] ACPI: Added _OSI(3.0 _SCP Extensions)
[    0.443330] ACPI: Added _OSI(Processor Aggregator Device)
[    0.444898] ACPI: Executed 1 blocks of module-level executable AML code
[    0.447999] ACPI: Interpreter enabled
[    0.448701] ACPI: (supports S0 S5)
[    0.449467] ACPI: Using IOAPIC for interrupt routing
[    0.450528] PCI: Using host bridge windows from ACPI; if necessary, use "pci=nocrs" and report a bug
[    0.455763] ACPI: PCI Root Bridge [PCI0] (domain 0000 [bus 00-ff])
[    0.456915] acpi PNP0A03:00: _OSC: OS supports [ASPM ClockPM Segments MSI]
[    0.458502] acpi PNP0A03:00: _OSC: not requesting OS control; OS requires [ExtendedConfig ASPM ClockPM MSI]
[    0.460637] acpi PNP0A03:00: fail to add MMCONFIG information, can't access extended PCI configuration space under this bridge.
[    0.463301] PCI host bridge to bus 0000:00
[    0.464266] pci_bus 0000:00: root bus resource [io  0x0000-0x0cf7 window]
[    0.465603] pci_bus 0000:00: root bus resource [io  0x0d00-0xffff window]
[    0.467153] pci_bus 0000:00: root bus resource [mem 0x000a0000-0x000bffff window]
[    0.468705] pci_bus 0000:00: root bus resource [mem 0x40000000-0xfdffffff window]
[    0.470439] pci_bus 0000:00: root bus resource [bus 00-ff]
[    0.473082] pci 0000:00:01.1: legacy IDE quirk: reg 0x10: [io  0x01f0-0x01f7]
[    0.475201] pci 0000:00:01.1: legacy IDE quirk: reg 0x14: [io  0x03f6]
[    0.476608] pci 0000:00:01.1: legacy IDE quirk: reg 0x18: [io  0x0170-0x0177]
[    0.478199] pci 0000:00:01.1: legacy IDE quirk: reg 0x1c: [io  0x0376]
[    0.492792] pci 0000:00:07.0: quirk: [io  0x4000-0x403f] claimed by PIIX4 ACPI
[    0.494568] pci 0000:00:07.0: quirk: [io  0x4100-0x410f] claimed by PIIX4 SMB
[    0.512587] ACPI: PCI Interrupt Link [LNKA] (IRQs 5 9 10 *11)
[    0.514401] ACPI: PCI Interrupt Link [LNKB] (IRQs 5 9 *10 11)
[    0.515951] ACPI: PCI Interrupt Link [LNKC] (IRQs 5 *9 10 11)
[    0.517514] ACPI: PCI Interrupt Link [LNKD] (IRQs 5 9 10 *11)
[    0.519069] ACPI: Enabled 2 GPEs in block 00 to 07
[    0.520238] vgaarb: setting as boot device: PCI:0000:00:02.0
[    0.521180] vgaarb: device added: PCI:0000:00:02.0,decodes=io+mem,owns=io+mem,locks=none
[    0.522661] vgaarb: loaded
[    0.523586] vgaarb: bridge control possible 0000:00:02.0
[    0.524870] SCSI subsystem initialized
[    0.525749] ACPI: bus type USB registered
[    0.526637] usbcore: registered new interface driver usbfs
[    0.527818] usbcore: registered new interface driver hub
[    0.528864] usbcore: registered new device driver usb
[    0.532847] PCI: Using ACPI for IRQ routing
[    0.533886] NetLabel: Initializing
[    0.534604] NetLabel:  domain hash size = 128
[    0.535384] NetLabel:  protocols = UNLABELED CIPSOv4
[    0.536300] NetLabel:  unlabeled traffic allowed by default
[    0.537274] amd_nb: Cannot enumerate AMD northbridges
[    0.538238] clocksource: Switched to clocksource kvm-clock
[    0.550307] AppArmor: AppArmor Filesystem Enabled
[    0.551252] pnp: PnP ACPI init
[    0.552733] pnp: PnP ACPI: found 3 devices
[    0.562407] clocksource: acpi_pm: mask: 0xffffff max_cycles: 0xffffff, max_idle_ns: 2085701024 ns
[    0.564091] NET: Registered protocol family 2
[    0.565266] TCP established hash table entries: 8192 (order: 4, 65536 bytes)
[    0.566664] TCP bind hash table entries: 8192 (order: 5, 131072 bytes)
[    0.567880] TCP: Hash tables configured (established 8192 bind 8192)
[    0.569029] UDP hash table entries: 512 (order: 2, 16384 bytes)
[    0.570083] UDP-Lite hash table entries: 512 (order: 2, 16384 bytes)
[    0.571312] NET: Registered protocol family 1
[    0.572144] pci 0000:00:00.0: Limiting direct PCI/PCI transfers
[    0.573239] pci 0000:00:01.0: Activating ISA DMA hang workarounds
[    0.574462] Unpacking initramfs...
[    0.820060] Freeing initrd memory: 14796K
[    0.821449] platform rtc_cmos: registered platform RTC device (no PNP device found)
[    0.823509] Scanning for low memory corruption every 60 seconds
[    0.825243] audit: initializing netlink subsys (disabled)
[    0.826476] audit: type=2000 audit(1552739968.161:1): initialized
[    0.828062] Initialise system trusted keyring
[    0.829333] HugeTLB registered 2 MB page size, pre-allocated 0 pages
[    0.832588] zbud: loaded
[    0.833551] VFS: Disk quotas dquot_6.6.0
[    0.834450] VFS: Dquot-cache hash table entries: 512 (order 0, 4096 bytes)
[    0.835968] squashfs: version 4.0 (2009/01/31) Phillip Lougher
[    0.837385] fuse init (API version 7.23)
[    0.838409] Key type big_key registered
[    0.839260] Allocating IMA MOK and blacklist keyrings.
[    0.842934] Key type asymmetric registered
[    0.843806] Asymmetric key parser 'x509' registered
[    0.845216] Block layer SCSI generic (bsg) driver version 0.4 loaded (major 249)
[    0.846824] io scheduler noop registered
[    0.847720] io scheduler deadline registered (default)
[    0.848767] io scheduler cfq registered
[    0.849774] pci_hotplug: PCI Hot Plug PCI Core version: 0.5
[    0.850982] pciehp: PCI Express Hot Plug Controller Driver version: 0.4
[    0.852538] ACPI: AC Adapter [AC] (on-line)
[    0.853677] input: Power Button as /devices/LNXSYSTM:00/LNXPWRBN:00/input/input0
[    0.855344] ACPI: Power Button [PWRF]
[    0.856276] input: Sleep Button as /devices/LNXSYSTM:00/LNXSLPBN:00/input/input1
[    0.858054] ACPI: Sleep Button [SLPF]
[    0.859760] ACPI: Battery Slot [BAT0] (battery present)
[    0.860894] GHES: HEST is not enabled!
[    0.861785] Serial: 8250/16550 driver, 32 ports, IRQ sharing enabled
 	
 !"#$%&'()*+,-./0123456789:;<=>?@ABCDEFGHIJKLMNOPQRSTUVWXYZ[\]^_`abcdefghijklmnopqrstuvwxyz{|}~ÄÅÇÉÑÖÜáàâäãåçéèêëíìîïñóòôöõúùûü†°¢£§•¶ß®©™´¨≠ÆØ∞±≤≥¥µ∂∑∏π∫ªºΩæø¿¡¬√ƒ≈∆«»… ÀÃÕŒœ–—“”‘’÷◊ÿŸ⁄€‹›ﬁﬂ‡·‚„‰ÂÊÁËÈÍÎÏÌÓÔÒÚÛÙıˆ˜¯˘˙˚¸˝˛ˇ[    0.889470] 00:02: ttyS0 at I/O 0x3f8 (irq = 4, base_baud = 115200) is a 16550A
[    0.892137] Linux agpgart interface v0.103
[    0.895495] loop: module loaded
[    0.896895] scsi host0: ata_piix
[    0.897950] scsi host1: ata_piix
[    0.898940] ata1: PATA max UDMA/33 cmd 0x1f0 ctl 0x3f6 bmdma 0xd000 irq 14
[    0.900415] ata2: PATA max UDMA/33 cmd 0x170 ctl 0x376 bmdma 0xd008 irq 15
[    0.901954] libphy: Fixed MDIO Bus: probed
[    0.902982] tun: Universal TUN/TAP device driver, 1.6
[    0.904007] tun: (C) 1999-2004 Max Krasnyansky <maxk@qualcomm.com>
[    0.905228] PPP generic driver version 2.4.2
[    0.906116] ehci_hcd: USB 2.0 'Enhanced' Host Controller (EHCI) Driver
[    0.907655] ehci-pci: EHCI PCI platform driver
[    0.908539] ehci-platform: EHCI generic platform driver
[    0.909532] ohci_hcd: USB 1.1 'Open' Host Controller (OHCI) Driver
[    0.910776] ohci-pci: OHCI PCI platform driver
[    0.911664] ohci-platform: OHCI generic platform driver
[    0.912654] uhci_hcd: USB Universal Host Controller Interface driver
[    0.913854] i8042: PNP: PS/2 Controller [PNP0303:PS2K,PNP0f03:PS2M] at 0x60,0x64 irq 1,12
[    0.916565] serio: i8042 KBD port at 0x60,0x64 irq 1
[    0.917617] serio: i8042 AUX port at 0x60,0x64 irq 12
[    0.918722] mousedev: PS/2 mouse device common for all mice
[    0.920228] rtc_cmos rtc_cmos: rtc core: registered rtc_cmos as rtc0
[    0.921643] rtc_cmos rtc_cmos: alarms up to one day, 114 bytes nvram
[    0.923008] i2c /dev entries driver
[    0.923960] device-mapper: uevent: version 1.0.3
[    0.924933] input: AT Translated Set 2 keyboard as /devices/platform/i8042/serio0/input/input2
[    0.927482] device-mapper: ioctl: 4.34.0-ioctl (2015-10-28) initialised: dm-devel@redhat.com
[    0.929315] ledtrig-cpu: registered to indicate activity on CPUs
[    0.930791] NET: Registered protocol family 10
[    0.931870] NET: Registered protocol family 17
[    0.932884] Key type dns_resolver registered
[    0.933988] registered taskstats version 1
[    0.934931] Loading compiled-in X.509 certificates
[    0.936410] Loaded X.509 cert 'Build time autogenerated kernel key: bff73e56bc0efa7435b2a24f5427674623f1be80'
[    0.938287] zswap: loaded using pool lzo/zbud
[    0.941170] Key type trusted registered
[    0.945224] Key type encrypted registered
[    0.946278] AppArmor: AppArmor sha1 policy hashing enabled
[    0.947577] ima: No TPM chip found, activating TPM-bypass!
[    0.948866] ima: Allocated hash algorithm: sha1
[    0.949938] evm: HMAC attrs: 0x1
[    0.951490]   Magic number: 11:587:683
[    0.952493] rtc_cmos rtc_cmos: setting system clock to 2019-03-16 12:39:23 UTC (1552739963)
[    0.954298] BIOS EDD facility v0.16 2004-Jun-25, 0 devices found
[    0.955529] EDD information not available.
[    1.057806] Freeing unused kernel memory: 1484K
[    1.060983] Write protecting the kernel read-only data: 14336k
[    1.066184] Freeing unused kernel memory: 1624K
[    1.069983] Freeing unused kernel memory: 92K
Loading, please wait...
starting version 229
[    1.094265] random: systemd-udevd: uninitialized urandom read (16 bytes read, 3 bits of entropy available)
[    1.095153] random: udevadm: uninitialized urandom read (16 bytes read, 3 bits of entropy available)
[    1.095179] random: udevadm: uninitialized urandom read (16 bytes read, 3 bits of entropy available)
[    1.101760] random: systemd-udevd: uninitialized urandom read (16 bytes read, 3 bits of entropy available)
[    1.104162] random: systemd-udevd: uninitialized urandom read (16 bytes read, 3 bits of entropy available)
[    1.104176] random: udevadm: uninitialized urandom read (16 bytes read, 3 bits of entropy available)
[    1.104215] random: udevadm: uninitialized urandom read (16 bytes read, 3 bits of entropy available)
[    1.104334] random: udevadm: uninitialized urandom read (16 bytes read, 3 bits of entropy available)
[    1.104379] random: udevadm: uninitialized urandom read (16 bytes read, 3 bits of entropy available)
[    1.104422] random: udevadm: uninitialized urandom read (16 bytes read, 3 bits of entropy available)
[    1.145055] e1000: Intel(R) PRO/1000 Network Driver - version 7.3.21-k8-NAPI
[    1.146493] e1000: Copyright (c) 1999-2006 Intel Corporation.
[    1.151045] Fusion MPT base driver 3.04.20
[    1.152004] Copyright (c) 1999-2008 LSI Corporation
[    1.156702] Fusion MPT SPI Host driver 3.04.20
[    1.172330] AVX2 version of gcm_enc/dec engaged.
[    1.173380] AES CTR mode by8 optimization enabled
[    1.365857] input: ImExPS/2 Generic Explorer Mouse as /devices/platform/i8042/serio1/input/input4
[    1.512925] e1000 0000:00:03.0 eth0: (PCI:33MHz:32-bit) 02:dd:09:7c:76:16
[    1.514944] e1000 0000:00:03.0 eth0: Intel(R) PRO/1000 Network Connection
[    1.517660] mptbase: ioc0: Initiating bringup
[    1.820952] tsc: Refined TSC clocksource calibration: 2593.356 MHz
[    1.825176] clocksource: tsc: mask: 0xffffffffffffffff max_cycles: 0x2561b7ddfb6, max_idle_ns: 440795308341 ns
[    1.847789] ioc0: LSI53C1030 A0: Capabilities={Initiator}
[    2.881825] scsi host2: ioc0: LSI53C1030 A0, FwRev=00000000h, Ports=1, MaxQ=256, IRQ=20
[    3.511809] scsi 2:0:0:0: Direct-Access     VBOX     HARDDISK         1.0  PQ: 0 ANSI: 5
[    3.513900] scsi target2:0:0: Beginning Domain Validation
[    3.516701] scsi target2:0:0: Domain Validation skipping write tests
[    3.517893] scsi target2:0:0: Ending Domain Validation
[    3.519343] scsi target2:0:0: asynchronous
[    3.520599] scsi 2:0:1:0: Direct-Access     VBOX     HARDDISK         1.0  PQ: 0 ANSI: 5
[    3.522191] scsi target2:0:1: Beginning Domain Validation
[    3.523956] scsi target2:0:1: Domain Validation skipping write tests
[    3.525192] scsi target2:0:1: Ending Domain Validation
[    3.526261] scsi target2:0:1: asynchronous
[    3.535464] sd 2:0:0:0: [sda] 20971520 512-byte logical blocks: (10.7 GB/10.0 GiB)
[    3.537008] sd 2:0:0:0: Attached scsi generic sg0 type 0
[    3.550449] sd 2:0:0:0: [sda] Write Protect is off
[    3.551554] sd 2:0:0:0: [sda] Incomplete mode parameter data
[    3.552801] sd 2:0:0:0: [sda] Assuming drive cache: write through
[    3.558818] sd 2:0:1:0: Attached scsi generic sg1 type 0
[    3.559202] sd 2:0:1:0: [sdb] 20480 512-byte logical blocks: (10.5 MB/10.0 MiB)
[    3.562133] sd 2:0:1:0: [sdb] Write Protect is off
[    3.563689]  sda: sda1
[    3.564996] sd 2:0:1:0: [sdb] Incomplete mode parameter data
[    3.566385] sd 2:0:1:0: [sdb] Assuming drive cache: write through
[    3.568944] sd 2:0:0:0: [sda] Attached SCSI disk
[    3.590574] sd 2:0:1:0: [sdb] Attached SCSI disk
[    3.882623] e1000 0000:00:08.0 eth1: (PCI:33MHz:32-bit) 08:00:27:e1:a5:23
[    3.884435] e1000 0000:00:08.0 eth1: Intel(R) PRO/1000 Network Connection
[    3.887335] e1000 0000:00:03.0 enp0s3: renamed from eth0
[    3.902541] e1000 0000:00:08.0 enp0s8: renamed from eth1
Begin: Loading essential drivers ... [    5.234228] md: linear personality registered for level -1
[    5.237710] md: multipath personality registered for level -4
[    5.241275] md: raid0 personality registered for level 0
[    5.245766] md: raid1 personality registered for level 1
[    5.318288] raid6: sse2x1   gen() 10780 MB/s
[    5.386597] raid6: sse2x1   xor()  7945 MB/s
[    5.454454] raid6: sse2x2   gen() 13168 MB/s
[    5.522270] raid6: sse2x2   xor()  9141 MB/s
[    5.590291] raid6: sse2x4   gen() 14992 MB/s
[    5.658880] raid6: sse2x4   xor()  9628 MB/s
[    5.726817] raid6: avx2x1   gen() 18364 MB/s
[    5.794641] raid6: avx2x2   gen() 24655 MB/s
[    5.862365] raid6: avx2x4   gen() 27415 MB/s
[    5.863442] raid6: using algorithm avx2x4 gen() 27415 MB/s
[    5.864597] raid6: using avx2x2 recovery algorithm
[    5.867072] xor: automatically using best checksumming function:
[    5.906835]    avx       : 29197.000 MB/sec
[    5.909167] async_tx: api initialized (async)
[    5.919174] md: raid6 personality registered for level 6
[    5.920294] md: raid5 personality registered for level 5
[    5.921376] md: raid4 personality registered for level 4
[    5.928723] md: raid10 personality registered for level 10
done.
Begin: Running /scripts/init-premount ... done.
Begin: Mounting root file system ... Begin: Running /scripts/local-top ... done.
Begin: Running /scripts/local-premount ... [    5.957571] Btrfs loaded
Scanning for Btrfs filesystems
done.
Warning: fsck not present, so skipping root file system
[    6.120974] EXT4-fs (sda1): mounted filesystem with ordered data mode. Opts: (null)
done.
Begin: Running /scripts/local-bottom ... done.
Begin: Running /scripts/init-bottom ... done.
[    6.796877] systemd[1]: systemd 229 running in system mode. (+PAM +AUDIT +SELINUX +IMA +APPARMOR +SMACK +SYSVINIT +UTMP +LIBCRYPTSETUP +GCRYPT +GNUTLS +ACL +XZ -LZ4 +SECCOMP +BLKID +ELFUTILS +KMOD -IDN)
[    6.800761] systemd[1]: Detected virtualization oracle.
[    6.801785] systemd[1]: Detected architecture x86-64.

Welcome to [1mUbuntu 16.04.6 LTS[0m!

[    6.834484] systemd[1]: Set hostname to <ubuntu>.
[    6.853042] systemd[1]: Initializing machine ID from random generator.
[    6.857412] systemd[1]: Installed transient /etc/machine-id file.
[    7.106871] random: nonblocking pool is initialized
[    7.853831] systemd[1]: Listening on LVM2 metadata daemon socket.
[[0;32m  OK  [0m] Listening on LVM2 metadata daemon socket.
[    7.856047] systemd[1]: Listening on Journal Socket.
[[0;32m  OK  [0m] Listening on Journal Socket.
[    7.863269] systemd[1]: Started Trigger resolvconf update for networkd DNS.
[[0;32m  OK  [0m] Started Trigger resolvconf update for networkd DNS.
[    7.870989] systemd[1]: Listening on udev Kernel Socket.
[[0;32m  OK  [0m] Listening on udev Kernel Socket.
[    7.873164] systemd[1]: Reached target User and Group Name Lookups.
[[0;32m  OK  [0m] Reached target User and Group Name Lookups.
[    7.882722] systemd[1]: Listening on Device-mapper event daemon FIFOs.
[[0;32m  OK  [0m] Listening on Device-mapper event daemon FIFOs.
[    7.884883] systemd[1]: Listening on udev Control Socket.
[[0;32m  OK  [0m] Listening on udev Control Socket.
[    7.887078] systemd[1]: Listening on Journal Audit Socket.
[[0;32m  OK  [0m] Listening on Journal Audit Socket.
[    7.889119] systemd[1]: Reached target Encrypted Volumes.
[[0;32m  OK  [0m] Reached target Encrypted Volumes.
[    7.891356] systemd[1]: Listening on Journal Socket (/dev/log).
[[0;32m  OK  [0m] Listening on Journal Socket (/dev/log).
[    7.899694] systemd[1]: Set up automount Arbitrary Executable File Formats File System Automount Point.
[[0;32m  OK  [0m] Set up automount Arbitrary Executab...ats File System Automount Point.
[    7.911548] systemd[1]: Created slice User and Session Slice.
[[0;32m  OK  [0m] Created slice User and Session Slice.
[    7.915684] systemd[1]: Listening on Syslog Socket.
[[0;32m  OK  [0m] Listening on Syslog Socket.
[    7.926720] systemd[1]: Reached target System Time Synchronized.
[[0;32m  OK  [0m] Reached target System Time Synchronized.
[    7.930547] systemd[1]: Created slice System Slice.
[[0;32m  OK  [0m] Created slice System Slice.
[    7.955069] systemd[1]: Starting Journal Service...
         Starting Journal Service...
[    7.990775] systemd[1]: Starting Remount Root and Kernel File Systems...
         Starting Remount Root and Kernel File Systems...
[    8.043691] EXT4-fs (sda1): re-mounted. Opts: (null)
[    8.046844] systemd[1]: Starting Load Kernel Modules...
         Starting Load Kernel Modules...
[    8.051735] systemd[1]: Starting Monitoring of LVM2 mirrors, snapshots etc. using dmeventd or progress polling...
         Starting Monitoring of LVM2 mirrors... dmeventd or progress polling...
[    8.058538] systemd[1]: Starting Create list of required static device nodes for the current kernel...
         Starting Create list of required st... nodes for the current kernel...
[    8.072471] systemd[1]: Starting Uncomplicated firewall...
         Starting Uncomplicated firewall...
[    8.075872] systemd[1]: Reached target Slices.
[[0;32m  OK  [0m] Reached target Slices.
[    8.080368] systemd[1]: Starting Set console keymap...
         Starting Set console keymap...
[    8.090567] systemd[1]: Mounting POSIX Message Queue File System...
         Mounting POSIX Message Queue File System...
[    8.094770] systemd[1]: Created slice system-serial\x2dgetty.slice.
[[0;32m  OK  [0m] Created slice system-serial\x2dgetty.slice.
[    8.098611] systemd[1]: Reached target Swap.
[[0;32m  OK  [0m] Reached target Swap.
[    8.101417] systemd[1]: Listening on /dev/initctl Compatibility Named Pipe.
[[0;32m  OK  [0m] Listening on /dev/initctl Compatibility Named Pipe.
[    8.106926] systemd[1]: Mounting Debug File System...
         Mounting Debug File System...
[    8.111355] systemd[1]: Mounting Huge Pages File System...
         Mounting Huge Pages File System...
[    8.115477] systemd[1]: Started Forward Password Requests to Wall Directory Watch.
[[0;32m  OK  [0m] Started Forward Password Requests to Wall Directory Watch.
[    8.121247] systemd[1]: Starting Nameserver information manager...
         Starting Nameserver information manager...
[    8.130811] systemd[1]: Listening on LVM2 poll daemon socket.
[[0;32m  OK  [0m] Listening on LVM2 poll daemon socket.
[    8.136964] systemd[1]: Mounted POSIX Message Queue File System.
[[0;32m  OK  [0m] Mounted POSIX Message Queue File System.
[    8.140638] systemd[1]: Mounted Huge Pages File System.
[[0;32m  OK  [0m] Mounted Huge Pages File System.
[    8.151580] systemd[1]: Mounted Debug File System.
[[0;32m  OK  [0m] Mounted Debug File System.
[    8.155555] systemd[1]: Started Remount Root and Kernel File Systems.
[[0;32m  OK  [0m] Started Remount Root and Kernel File Systems.
[    8.175999] systemd[1]: Started Uncomplicated firewall.
[[0;32m  OK  [0m] Started Uncomplicated firewall.
[    8.238834] systemd[1]: Started Nameserver information manager.
[[0;32m  OK  [0m] Started Nameserver information manager.
[    8.242907] Loading iSCSI transport class v2.0-870.
[    8.243468] systemd[1]: Started Create list of required static device nodes for the current kernel.
[[0;32m  OK  [0m] Started Create list of required sta...ce nodes for the current kernel.
[    8.259900] systemd[1]: Started Journal Service.
[[0;32m  OK  [0m] Started Journal Service.
[    8.322959] iscsi: registered transport (tcp)
         Starting Create Static Device Nodes in /dev...
         Starting udev Coldplug all Devices...
         Starting Flush Journal to Persistent Storage...
         Starting Load/Save Random Seed...
[[0;32m  OK  [0m] Started Set console keymap.
[[0;32m  OK  [0m] Started LVM2 metadata daemon.
[    8.448623] systemd-journald[368]: Received request to flush runtime journal from PID 1
[[0;32m  OK  [0m] Started Flush Journal to Persistent Storage.
[[0;32m  OK  [0m] Started Load/Save Random Seed.
[[0;32m  OK  [0m] Started udev Coldplug all Devices.
[    8.596319] iscsi: registered transport (iser)
[[0;32m  OK  [0m] Started Load Kernel Modules.
         Mounting FUSE Control File System...
         Starting Apply Kernel Variables...
[[0;32m  OK  [0m] Mounted FUSE Control File System.
[[0;32m  OK  [0m] Started Apply Kernel Variables.
[[0;32m  OK  [0m] Started Create Static Device Nodes in /dev.
         Starting udev Kernel Device Manager...
[[0;32m  OK  [0m] Started Monitoring of LVM2 mirrors,...ng dmeventd or progress polling.
[[0;32m  OK  [0m] Reached target Local File Systems (Pre).
[[0;32m  OK  [0m] Reached target Local File Systems.
         Starting Create Volatile Files and Directories...
         Starting LSB: AppArmor initialization...
         Starting Commit a transient machine-id on disk...
         Starting Set console font and keymap...
         Starting Initial cloud-init job (pre-networking)...
         Starting Tell Plymouth To Write Out Runtime Data...
[[0;32m  OK  [0m] Started Commit a transient machine-id on disk.
[[0;32m  OK  [0m] Started Create Volatile Files and Directories.
         Starting Update UTMP about System Boot/Shutdown...
[[0;32m  OK  [0m] Started Tell Plymouth To Write Out Runtime Data.
[[0;32m  OK  [0m] Started Update UTMP about System Boot/Shutdown.
[[0;32m  OK  [0m] Started udev Kernel Device Manager.
[[0;32m  OK  [0m] Started Dispatch Password Requests to Console Directory Watch.
[[0;32m  OK  [0m] Found device /dev/ttyS0.
[[0;32m  OK  [0m] Listening on Load/Save RF Kill Switch Status /dev/rfkill Watch.
[[0;32m  OK  [0m] Started LSB: AppArmor initialization.
[[0;32m  OK  [0m] Started Set console font and keymap.
[[0;32m  OK  [0m] Created slice system-getty.slice.
[   15.343442] cloud-init[473]: Cloud-init v. 18.5-21-g8ee294d5-0ubuntu1~16.04.1 running 'init-local' at Sat, 16 Mar 2019 12:39:37 +0000. Up 14.48 seconds.
[[0;32m  OK  [0m] Started Initial cloud-init job (pre-networking).
[[0;32m  OK  [0m] Reached target Network (Pre).
         Starting Raise network interfaces...
[[0;32m  OK  [0m] Started Raise network interfaces.
[[0;32m  OK  [0m] Reached target Network.
         Starting Initial cloud-init job (metadata service crawler)...
[   18.175922] cloud-init[949]: Cloud-init v. 18.5-21-g8ee294d5-0ubuntu1~16.04.1 running 'init' at Sat, 16 Mar 2019 12:39:39 +0000. Up 16.49 seconds.
[   18.177375] cloud-init[949]: ci-info: ++++++++++++++++++++++++++++++++++++++Net device info++++++++++++++++++++++++++++++++++++++
[   18.184453] cloud-init[949]: ci-info: +--------+-------+---------------------------+---------------+--------+-------------------+
[   18.186247] cloud-init[949]: ci-info: | Device |   Up  |          Address          |      Mask     | Scope  |     Hw-Address    |
[   18.188759] cloud-init[949]: ci-info: +--------+-------+---------------------------+---------------+--------+-------------------+
[   18.190370] cloud-init[949]: ci-info: | enp0s3 |  True |         10.0.2.15         | 255.255.255.0 | global | 02:dd:09:7c:76:16 |
[   18.192599] cloud-init[949]: ci-info: | enp0s3 |  True | fe80::dd:9ff:fe7c:7616/64 |       .       |  link  | 02:dd:09:7c:76:16 |
[   18.194704] cloud-init[949]: ci-info: | enp0s8 | False |             .             |       .       |   .    | 08:00:27:e1:a5:23 |
[   18.197163] cloud-init[949]: ci-info: |   lo   |  True |         127.0.0.1         |   255.0.0.0   |  host  |         .         |
[   18.199675] cloud-init[949]: ci-info: |   lo   |  True |          ::1/128          |       .       |  host  |         .         |
[   18.201624] cloud-init[949]: ci-info: +--------+-------+---------------------------+---------------+--------+-------------------+
[   18.208533] cloud-init[949]: ci-info: +++++++++++++++++++++++++++Route IPv4 info++++++++++++++++++++++++++++
[   18.210740] cloud-init[949]: ci-info: +-------+-------------+----------+---------------+-----------+-------+
[   18.212481] cloud-init[949]: ci-info: | Route | Destination | Gateway  |    Genmask    | Interface | Flags |
[   18.214314] cloud-init[949]: ci-info: +-------+-------------+----------+---------------+-----------+-------+
[   18.216038] cloud-init[949]: ci-info: |   0   |   0.0.0.0   | 10.0.2.2 |    0.0.0.0    |   enp0s3  |   UG  |
[   18.217808] cloud-init[949]: ci-info: |   1   |   10.0.2.0  | 0.0.0.0  | 255.255.255.0 |   enp0s3  |   U   |
[   18.224594] [cloud-init[0;32m  OK  [0m[949]: ] ci-info: +-------+-------------+----------+---------------+-----------+-------+Started Initial cloud-init job (metadata service crawler).

[   18.226122] [cloud-init[0;32m  OK  [0m[949]: ] ci-info: +++++++++++++++++++Route IPv6 info+++++++++++++++++++Reached target Network is Online.

[   18.232973] cloud-init[949]: ci-info: +-------+-------------+---------+-----------+-------+
[   18.240842]          Starting iSCSI initiator daemon (iscsid)...
cloud-init[949]: [[0;32m  OK  [0m] Reached target System Initialization.
ci-info: | Route | Destination | Gateway | Interface | Flags |
[   18.243345] cloud-init[949]: ci-info: +-------+-------------+---------+-----------+-------+
[   18.244512] cloud-init[949]: ci-info: |   0   |  fe80::/64  |    ::   |   enp0s3  |   U   |
[   18.245524] cloud-init[949]: ci-info: |   3   |   ff00::/8  |    ::   |   enp0s3  |   U   |
[   18.246448] cloud-init[949]: ci-info: +-------+-------------+---------+-----------+-------+
[   18.247565] cloud-init[949]: Generating public/private rsa key pair.
[   18.248775] cloud-init[949]: Your identification has been saved in /etc/ssh/ssh_host_rsa_key.
[   18.249630] cloud-init[949]: Your public key has been saved in /etc/ssh/ssh_host_rsa_key.pub.
[   18.256502]          cloud-initStarting LXD - unix socket.[949]: 
The key fingerprint is:
[[0;32m  OK  [0m] Listening on D-Bus System Message Bus Socket.
[[0;32m  OK  [0m] Started Daily apt download activities.
[   18.257281] cloud-init[949]: SHA256:h/bh09j8FNoLNbonn/wzcgDjrvYJTfsZIo/WHgJI700 root@ubuntu-xenial
[   18.264297] [cloud-init[0;32m  OK  [0m[949]: ] Started Daily apt upgrade and clean activities.
The key's randomart image is:
[   18.265480]          Starting Socket activation for snappy daemon.
cloud-init[949]: +---[RSA 2048]----+[[0;32m  OK  [0m] Started Daily Cleanup of Temporary Directories.

[   18.266869] cloud-init[949]: |                 |
[   18.276841] cloud-init[949]: |                 |
[[   18.277080] cloud-init[949]: |     .           |
[0;32m  OK  [0m] Listening on ACPID Listen Socket.
[   18.277396] cloud-init[949]: |    . o  . o     |
[   18.279134] cloud-init[949]: |     . oSE+.o +  |
[   18.284660] cloud-init[949]: |      ..++oB.* o |
[   18.285596] cloud-init[949]: |       . =B=B.+  |
[   18.287133] cloud-init[949]: |         o*+*B+* |
[   18.288533] cloud-init[949]: |        oo+=.*O.+|
[   18.289882] cloud-init[949]: +----[SHA256]-----+
[   18.291066] cloud-init[949]: Generating public/private dsa key pair.
[   18.292317] [[0;32m  OK  [0m] Started ACPI Events Check.
[[0;32m  OK  [0m] Reached target Paths.
[[0;32m  OK  [0m] Reached target Timers.
[[0;32m  OK  [0m] Listening on UUID daemon activation socket.
[[0;32m  OK  [0m] Reached target Cloud-config availability.
[[0;32m  OK  [0m] Listening on LXD - unix socket.
[[0;32m  OK  [0m] Listening on Socket activation for snappy daemon.
cloud-init[949]: Your identification has been saved in /etc/ssh/ssh_host_dsa_key.
[   18.310195] cloud-init[949]: Your public key has been saved in /etc/ssh/ssh_host_dsa_key.pub.
[   18.311776] cloud-init[949]: The key fingerprint is:
[   18.312961] cloud-init[949]: [[0;32m  OK  [0m] Reached target Sockets.
SHA256:6t6JfDi1nCrQUG25deQN697sAQDOSr61a8CYTy5gnPg root@ubuntu-xenial
[[0;32m  OK  [0m] Reached target Basic System.
[   18.315368] cloud-init[949]: The key's randomart image is:
[   18.316392] cloud-init[949]: +---[DSA 1024]----+
[   18.317498] cloud-init[949]: |     ... .o      |
[   18.318676] cloud-init[949]: |    .o+....+     |
[   18.319702] cloud-init[949]: |   ...oo..o .    |
[   18.320857] cloud-init[949]: |  .o ..  o       |
[   18.322045] cloud-init[949]: |o .*o . S o      |
[   18.323127] cloud-init[949]: |o++ =o o.. +     |
[   18.324302] cloud-init[949]: |.o =..o+ o. +    |
[   18.325502] cloud-init[949]: |  E +o++=. . .   |
[   18.326667] cloud-init[949]: |   . +B+o   .    |
[   18.327759] cloud-init         Starting LSB: MD monitoring daemon...
[949]: +----[SHA256]-----+
[   18.329851] cloud-init[949]: Generating public/private ecdsa key pair.
[   18.336588] cloud-init[949]: Your identification has been saved in /etc/ssh/ssh_host_ecdsa_key.
[   18.337668]          Starting Snappy daemon...
cloud-init[949]: Your public key has been saved in /etc/ssh/ssh_host_ecdsa_key.pub.
[   18.344542] [[0;32m  OK  [0m] Started Deferred execution scheduler.
cloud-init[[0;32m  OK  [0m] Started Unattended Upgrades Shutdown.
[949]: The key fingerprint is:
[   18.348231] [[0;32m  OK  [0m] Started D-Bus System Message Bus.
cloud-init[949]: SHA256:hZQKcYVw0Rqu8+DKP/BsWx+aLh7ARxqmCvvr1Vc/LRw root@ubuntu-xenial
[   18.357285] cloud-init[949]: The key's randomart image is:
[   18.358892] cloud-init[949]: +---[ECDSA 256]---+
[   18.364579] cloud-init[949]: |    oo+=o.       |
[   18.366363] cloud-init[949]: |    .oo.o.       |
[   18.372675] cloud-init[949]: |  o .o +. .      |
[   18.373927] cloud-init[949]: | + +  +  .       |
[   18.374989] cloud-init[949]: |o + ..  S . E    |
[   18.376716] cloud-init[949]: |o..o+.   . o o   |
[   18.378280] cloud-init[949]: |o  =o+o o   = .  |
[   18.380251] cloud-init[949]: | o .Bo.= .   o   |
[   18.391580] cloud-init[949]: | .**+=+ .        |
[   18.392422] cloud-init[949]: +----[SHA256]-----+
[   18.393470] cloud-init[949]: Generating public/private ed25519 key pair.
[   18.394680] cloud-init[949]: Your identification has been saved in /etc/ssh/ssh_host_ed25519_key.
[   18.396139] cloud-init[949]: Your public key has been saved in /etc/ssh/ssh_host_ed25519_key.pub.
[   18.405775] cloud-init[949]: The key fingerprint is:
[   18.406888] cloud-init[949]: SHA256:dK+lyp5bI6JH7abF0fzhn9dVf0h+fVQV1qyebqq3r2o root@ubuntu-xenial
[   18.408394] cloud-init[949]: The key's randomart image is:
[   18.409295] cloud-init[949]: +--[ED25519 256]--+
[   18.409883] cloud-init[949]: |               +=|
[   18.416711] cloud-init[949]: |              . +|
[   18.417624] cloud-init[949]: |        . .    ..|
[   18.418290] cloud-init[949]: |       . + .  o o|
[   18.424267] cloud-init[949]: |       .S o ++ ++|
[   18.437985] cloud-init[949]: |      .... * .= B|
[   18.449114] cloud-init[949]: |     ...+ = o. .=|
[   18.450484] cloud-init[949]: |     ..+o=E...o.o|
[   18.452282] cloud-init[949]: |    ...+*oo++*+. |
[   18.460621] cloud-init[949]: +----[SHA256]-----+
         Starting System Logging Service...
[[0;32m  OK  [0m] Started Regular background program processing daemon.
         Starting LXD - container startup/shutdown...
         Starting /etc/rc.local Compatibility...
         Starting Virtualbox guest utils...
         Starting Accounts Service...
         Starting Login Service...
         Starting Pollinate to seed the pseudo random number generator...
[[0;32m  OK  [0m] Started FUSE filesystem for LXC.
         Starting LSB: Record successful boot for GRUB...
[[0;32m  OK  [0m] Started ACPI event daemon.
[[0;32m  OK  [0m] Started /etc/rc.local Compatibility.
[[0;32m  OK  [0m] Started iSCSI initiator daemon (iscsid).
         Starting Login to default iSCSI targets...
[[0;32m  OK  [0m] Started Login Service.
[[0;32m  OK  [0m] Started LSB: MD monitoring daemon.
[[0;32m  OK  [0m] Started Login to default iSCSI targets.
[[0;32m  OK  [0m] Reached target Remote File Systems (Pre).
[[0;32m  OK  [0m] Reached target Remote File Systems.
         Starting LSB: daemon to balance interrupts for SMP systems...
         Starting LSB: Set the CPU Frequency Scaling governor to "ondemand"...
         Starting Permit User Sessions...
         Starting LSB: automatic crash report generation...
[[0;32m  OK  [0m] Started LSB: Set the CPU Frequency Scaling governor to "ondemand".
[[0;32m  OK  [0m] Started LSB: Record successful boot for GRUB.
[[0;32m  OK  [0m] Started Permit User Sessions.
         Starting Terminate Plymouth Boot Screen...
         Starting Hold until boot process finishes up...
[[0;32m  OK  [0m] Started Hold until boot process finishes up.
         Starting Set console scheme...
[[0;32m  OK  [0m] Started Getty on tty1.
[[0;32m  OK  [0m] Started Serial Getty on ttyS0.
[[0;32m  OK  [0m] Reached target Login Prompts.
[[0;32m  OK  [0m] Started Terminate Plymouth Boot Screen.
[[0;32m  OK  [0m] Started System Logging Service.
[[0;32m  OK  [0m] Started Set console scheme.
[[0;32m  OK  [0m] Started LSB: automatic crash report generation.
[[0;32m  OK  [0m] Started LSB: daemon to balance interrupts for SMP systems.
[[0;32m  OK  [0m] Started Virtualbox guest utils.
         Starting Authenticate and Authorize Users to Run Privileged Tasks...
[[0;32m  OK  [0m] Started Authenticate and Authorize Users to Run Privileged Tasks.
[[0;32m  OK  [0m] Started Accounts Service.
[[0;32m  OK  [0m] Started Snappy daemon.
         Starting Wait until snapd is fully seeded...
[[0;32m  OK  [0m] Started LXD - container startup/shutdown.
[[0;32m  OK  [0m] Started Pollinate to seed the pseudo random number generator.
         Starting OpenBSD Secure Shell server...
[[0;32m  OK  [0m] Started OpenBSD Secure Shell server.
[[0;32m  OK  [0m] Created slice User Slice of vagrant.
         Starting User Manager for UID 1000...
[[0;32m  OK  [0m] Started Session 1 of user vagrant.
[[0;32m  OK  [0m] Started User Manager for UID 1000.

Ubuntu 16.04.6 LTS ubuntu-xenial ttyS0

ubuntu-xenial login: [   28.261051] cloud-init[1499]: Generating locales (this might take a while)...
[   29.938505] cloud-init[1499]:   en_US.UTF-8... done
[   29.941669] cloud-init[1499]: Generation complete.
[   31.109883] cloud-init[1499]: Cloud-init v. 18.5-21-g8ee294d5-0ubuntu1~16.04.1 running 'modules:config' at Sat, 16 Mar 2019 12:39:50 +0000. Up 27.77 seconds.
