[    0.000000] Initializing cgroup subsys cpuset
[    0.000000] Initializing cgroup subsys cpu
[    0.000000] Initializing cgroup subsys cpuacct
[    0.000000] Linux version 4.4.0-142-generic (buildd@lgw01-amd64-033) (gcc version 5.4.0 20160609 (Ubuntu 5.4.0-6ubuntu1~16.04.10) ) #168-Ubuntu SMP Wed Jan 16 21:00:45 UTC 2019 (Ubuntu 4.4.0-142.168-generic 4.4.167)
[    0.000000] Command line: BOOT_IMAGE=/boot/vmlinuz-4.4.0-142-generic root=LABEL=cloudimg-rootfs ro console=tty1 console=ttyS0
[    0.000000] KERNEL supported cpus:
[    0.000000]   Intel GenuineIntel
[    0.000000]   AMD AuthenticAMD
[    0.000000]   Centaur CentaurHauls
[    0.000000] x86/fpu: xstate_offset[2]:  576, xstate_sizes[2]:  256
[    0.000000] x86/fpu: Supporting XSAVE feature 0x01: 'x87 floating point registers'
[    0.000000] x86/fpu: Supporting XSAVE feature 0x02: 'SSE registers'
[    0.000000] x86/fpu: Supporting XSAVE feature 0x04: 'AVX registers'
[    0.000000] x86/fpu: Enabled xstate features 0x7, context size is 832 bytes, using 'standard' format.
[    0.000000] e820: BIOS-provided physical RAM map:
[    0.000000] BIOS-e820: [mem 0x0000000000000000-0x000000000009fbff] usable
[    0.000000] BIOS-e820: [mem 0x000000000009fc00-0x000000000009ffff] reserved
[    0.000000] BIOS-e820: [mem 0x00000000000f0000-0x00000000000fffff] reserved
[    0.000000] BIOS-e820: [mem 0x0000000000100000-0x000000003ffeffff] usable
[    0.000000] BIOS-e820: [mem 0x000000003fff0000-0x000000003fffffff] ACPI data
[    0.000000] BIOS-e820: [mem 0x00000000fec00000-0x00000000fec00fff] reserved
[    0.000000] BIOS-e820: [mem 0x00000000fee00000-0x00000000fee00fff] reserved
[    0.000000] BIOS-e820: [mem 0x00000000fffc0000-0x00000000ffffffff] reserved
[    0.000000] NX (Execute Disable) protection: active
[    0.000000] SMBIOS 2.5 present.
[    0.000000] Hypervisor detected: KVM
[    0.000000] e820: last_pfn = 0x3fff0 max_arch_pfn = 0x400000000
[    0.000000] MTRR: Disabled
[    0.000000] x86/PAT: MTRRs disabled, skipping PAT initialization too.
[    0.000000] CPU MTRRs all blank - virtualized system.
[    0.000000] x86/PAT: Configuration [0-7]: WB  WT  UC- UC  WB  WT  UC- UC  
[    0.000000] found SMP MP-table at [mem 0x0009fff0-0x0009ffff] mapped at [ffff88000009fff0]
[    0.000000] Scanning 1 areas for low memory corruption
[    0.000000] RAMDISK: [mem 0x36308000-0x3717bfff]
[    0.000000] ACPI: Early table checksum verification disabled
[    0.000000] ACPI: RSDP 0x00000000000E0000 000024 (v02 VBOX  )
[    0.000000] ACPI: XSDT 0x000000003FFF0030 00003C (v01 VBOX   VBOXXSDT 00000001 ASL  00000061)
[    0.000000] ACPI: FACP 0x000000003FFF00F0 0000F4 (v04 VBOX   VBOXFACP 00000001 ASL  00000061)
[    0.000000] ACPI: DSDT 0x000000003FFF0470 0022EA (v02 VBOX   VBOXBIOS 00000002 INTL 20100528)
[    0.000000] ACPI: FACS 0x000000003FFF0200 000040
[    0.000000] ACPI: FACS 0x000000003FFF0200 000040
[    0.000000] ACPI: APIC 0x000000003FFF0240 00005C (v02 VBOX   VBOXAPIC 00000001 ASL  00000061)
[    0.000000] ACPI: SSDT 0x000000003FFF02A0 0001CC (v01 VBOX   VBOXCPUT 00000002 INTL 20100528)
[    0.000000] No NUMA configuration found
[    0.000000] Faking a node at [mem 0x0000000000000000-0x000000003ffeffff]
[    0.000000] NODE_DATA(0) allocated [mem 0x3ffeb000-0x3ffeffff]
[    0.000000] kvm-clock: Using msrs 4b564d01 and 4b564d00
[    0.000000] kvm-clock: cpu 0, msr 0:3ffe3001, primary cpu clock
[    0.000000] kvm-clock: using sched offset of 4817810939 cycles
[    0.000000] clocksource: kvm-clock: mask: 0xffffffffffffffff max_cycles: 0x1cd42e4dffb, max_idle_ns: 881590591483 ns
[    0.000000] Zone ranges:
[    0.000000]   DMA      [mem 0x0000000000001000-0x0000000000ffffff]
[    0.000000]   DMA32    [mem 0x0000000001000000-0x000000003ffeffff]
[    0.000000]   Normal   empty
[    0.000000]   Device   empty
[    0.000000] Movable zone start for each node
[    0.000000] Early memory node ranges
[    0.000000]   node   0: [mem 0x0000000000001000-0x000000000009efff]
[    0.000000]   node   0: [mem 0x0000000000100000-0x000000003ffeffff]
[    0.000000] Initmem setup node 0 [mem 0x0000000000001000-0x000000003ffeffff]
[    0.000000] ACPI: PM-Timer IO Port: 0x4008
[    0.000000] IOAPIC[0]: apic_id 2, version 32, address 0xfec00000, GSI 0-23
[    0.000000] ACPI: INT_SRC_OVR (bus 0 bus_irq 0 global_irq 2 dfl dfl)
[    0.000000] ACPI: INT_SRC_OVR (bus 0 bus_irq 9 global_irq 9 low level)
[    0.000000] Using ACPI (MADT) for SMP configuration information
[    0.000000] smpboot: Allowing 2 CPUs, 0 hotplug CPUs
[    0.000000] PM: Registered nosave memory: [mem 0x00000000-0x00000fff]
[    0.000000] PM: Registered nosave memory: [mem 0x0009f000-0x0009ffff]
[    0.000000] PM: Registered nosave memory: [mem 0x000a0000-0x000effff]
[    0.000000] PM: Registered nosave memory: [mem 0x000f0000-0x000fffff]
[    0.000000] e820: [mem 0x40000000-0xfebfffff] available for PCI devices
[    0.000000] Booting paravirtualized kernel on KVM
[    0.000000] clocksource: refined-jiffies: mask: 0xffffffff max_cycles: 0xffffffff, max_idle_ns: 7645519600211568 ns
[    0.000000] setup_percpu: NR_CPUS:512 nr_cpumask_bits:512 nr_cpu_ids:2 nr_node_ids:1
[    0.000000] PERCPU: Embedded 34 pages/cpu @ffff88003fc00000 s99480 r8192 d31592 u1048576
[    0.000000] Built 1 zonelists in Node order, mobility grouping on.  Total pages: 257912
[    0.000000] Policy zone: DMA32
[    0.000000] Kernel command line: BOOT_IMAGE=/boot/vmlinuz-4.4.0-142-generic root=LABEL=cloudimg-rootfs ro console=tty1 console=ttyS0
[    0.000000] PID hash table entries: 4096 (order: 3, 32768 bytes)
[    0.000000] Memory: 997732K/1048120K available (8603K kernel code, 1332K rwdata, 4004K rodata, 1484K init, 1316K bss, 50388K reserved, 0K cma-reserved)
[    0.000000] SLUB: HWalign=64, Order=0-3, MinObjects=0, CPUs=2, Nodes=1
[    0.000000] Kernel/User page tables isolation: enabled
[    0.000000] Hierarchical RCU implementation.
[    0.000000] 	Build-time adjustment of leaf fanout to 64.
[    0.000000] 	RCU restricting CPUs from NR_CPUS=512 to nr_cpu_ids=2.
[    0.000000] RCU: Adjusting geometry for rcu_fanout_leaf=64, nr_cpu_ids=2
[    0.000000] NR_IRQS:33024 nr_irqs:440 16
[    0.000000] Console: colour VGA+ 80x25
[    0.000000] console [tty1] enabled
[    0.000000] console [ttyS0] enabled
[    0.000000] tsc: Detected 2592.000 MHz processor
[    0.243615] Calibrating delay loop (skipped) preset value.. 5184.00 BogoMIPS (lpj=10368000)
[    0.245618] pid_max: default: 32768 minimum: 301
[    0.246610] ACPI: Core revision 20150930
[    0.248633] ACPI: 2 ACPI AML tables successfully acquired and loaded
[    0.249880] Security Framework initialized
[    0.251026] Yama: becoming mindful.
[    0.251735] AppArmor: AppArmor initialized
[    0.252723] Dentry cache hash table entries: 131072 (order: 8, 1048576 bytes)
[    0.259945] Inode-cache hash table entries: 65536 (order: 7, 524288 bytes)
[    0.262642] Mount-cache hash table entries: 2048 (order: 2, 16384 bytes)
[    0.265259] Mountpoint-cache hash table entries: 2048 (order: 2, 16384 bytes)
[    0.268033] Initializing cgroup subsys io
[    0.269650] Initializing cgroup subsys memory
[    0.271421] Initializing cgroup subsys devices
[    0.273175] Initializing cgroup subsys freezer
[    0.274952] Initializing cgroup subsys net_cls
[    0.276674] Initializing cgroup subsys perf_event
[    0.278410] Initializing cgroup subsys net_prio
[    0.280195] Initializing cgroup subsys hugetlb
[    0.281836] Initializing cgroup subsys pids
[    0.285508] mce: CPU supports 0 MCE banks
[    0.287230] Last level iTLB entries: 4KB 64, 2MB 8, 4MB 8
[    0.289131] Last level dTLB entries: 4KB 64, 2MB 0, 4MB 0, 1GB 4
[    0.291479] Spectre V2 : Mitigation: Full generic retpoline
[    0.293842] Spectre V2 : Spectre v2 / SpectreRSB mitigation: Filling RSB on context switch
[    0.297309] Speculative Store Bypass: Vulnerable
[    0.305352] Freeing SMP alternatives memory: 32K
[    0.319700] ftrace: allocating 32277 entries in 127 pages
[    0.450549] smpboot: APIC(0) Converting physical 0 to logical package 0
[    0.453199] smpboot: Max logical packages: 1
[    0.455636] x2apic enabled
[    0.457392] Switched APIC routing to physical x2apic.
[    0.461687] ..TIMER: vector=0x30 apic1=0 pin1=2 apic2=-1 pin2=-1
[    0.571112] smpboot: CPU0: Intel(R) Core(TM) i7-6700HQ CPU @ 2.60GHz (family: 0x6, model: 0x5e, stepping: 0x3)
[    0.575615] Performance Events: unsupported p6 CPU model 94 no PMU driver, software events only.
[    0.601004] KVM setup paravirtual spinlock
[    0.604220] x86: Booting SMP configuration:
[    0.606153] .... node  #0, CPUs:      #1
[    0.608092] kvm-clock: cpu 1, msr 0:3ffe3041, secondary cpu clock
[    0.611757] mce: CPU supports 0 MCE banks
[    0.614888] x86: Booted up 1 node, 2 CPUs
[    0.616999] smpboot: Total of 2 processors activated (10368.00 BogoMIPS)
[    0.620429] devtmpfs: initialized
[    0.626015] evm: security.selinux
[    0.627646] evm: security.SMACK64
[    0.629185] evm: security.SMACK64EXEC
[    0.630815] evm: security.SMACK64TRANSMUTE
[    0.632428] evm: security.SMACK64MMAP
[    0.633997] evm: security.ima
[    0.635418] evm: security.capability
[    0.637418] clocksource: jiffies: mask: 0xffffffff max_cycles: 0xffffffff, max_idle_ns: 7645041785100000 ns
[    0.641252] futex hash table entries: 512 (order: 3, 32768 bytes)
[    0.643988] pinctrl core: initialized pinctrl subsystem
[    0.646349] RTC time: 11:57:05, date: 03/14/19
[    0.648639] NET: Registered protocol family 16
[    0.664741] cpuidle: using governor ladder
[    0.676497] cpuidle: using governor menu
[    0.677974] PCCT header not found.
[    0.679290] ACPI: bus type PCI registered
[    0.680545] acpiphp: ACPI Hot Plug PCI Controller Driver version: 0.5
[    0.683278] PCI: Using configuration type 1 for base access
[    0.701587] ACPI: Added _OSI(Module Device)
[    0.703498] ACPI: Added _OSI(Processor Device)
[    0.705166] ACPI: Added _OSI(3.0 _SCP Extensions)
[    0.707008] ACPI: Added _OSI(Processor Aggregator Device)
[    0.710734] ACPI: Executed 1 blocks of module-level executable AML code
[    0.717736] ACPI: Interpreter enabled
[    0.718958] ACPI: (supports S0 S5)
[    0.719986] ACPI: Using IOAPIC for interrupt routing
[    0.721612] PCI: Using host bridge windows from ACPI; if necessary, use "pci=nocrs" and report a bug
[    0.728415] ACPI: PCI Root Bridge [PCI0] (domain 0000 [bus 00-ff])
[    0.729782] acpi PNP0A03:00: _OSC: OS supports [ASPM ClockPM Segments MSI]
[    0.732415] acpi PNP0A03:00: _OSC: not requesting OS control; OS requires [ExtendedConfig ASPM ClockPM MSI]
[    0.734704] acpi PNP0A03:00: fail to add MMCONFIG information, can't access extended PCI configuration space under this bridge.
[    0.738071] PCI host bridge to bus 0000:00
[    0.739891] pci_bus 0000:00: root bus resource [io  0x0000-0x0cf7 window]
[    0.741118] pci_bus 0000:00: root bus resource [io  0x0d00-0xffff window]
[    0.742509] pci_bus 0000:00: root bus resource [mem 0x000a0000-0x000bffff window]
[    0.745287] pci_bus 0000:00: root bus resource [mem 0x40000000-0xfdffffff window]
[    0.747292] pci_bus 0000:00: root bus resource [bus 00-ff]
[    0.751026] pci 0000:00:01.1: legacy IDE quirk: reg 0x10: [io  0x01f0-0x01f7]
[    0.752345] pci 0000:00:01.1: legacy IDE quirk: reg 0x14: [io  0x03f6]
[    0.753635] pci 0000:00:01.1: legacy IDE quirk: reg 0x18: [io  0x0170-0x0177]
[    0.755050] pci 0000:00:01.1: legacy IDE quirk: reg 0x1c: [io  0x0376]
[    0.782118] pci 0000:00:07.0: quirk: [io  0x4000-0x403f] claimed by PIIX4 ACPI
[    0.784375] pci 0000:00:07.0: quirk: [io  0x4100-0x410f] claimed by PIIX4 SMB
[    0.816623] ACPI: PCI Interrupt Link [LNKA] (IRQs 5 9 10 *11)
[    0.818846] ACPI: PCI Interrupt Link [LNKB] (IRQs 5 9 *10 11)
[    0.820731] ACPI: PCI Interrupt Link [LNKC] (IRQs 5 *9 10 11)
[    0.822603] ACPI: PCI Interrupt Link [LNKD] (IRQs 5 9 10 *11)
[    0.824612] ACPI: Enabled 2 GPEs in block 00 to 07
[    0.826812] vgaarb: setting as boot device: PCI:0000:00:02.0
[    0.828432] vgaarb: device added: PCI:0000:00:02.0,decodes=io+mem,owns=io+mem,locks=none
[    0.831534] vgaarb: loaded
[    0.832944] vgaarb: bridge control possible 0000:00:02.0
[    0.834543] SCSI subsystem initialized
[    0.836110] ACPI: bus type USB registered
[    0.837242] usbcore: registered new interface driver usbfs
[    0.838748] usbcore: registered new interface driver hub
[    0.840067] usbcore: registered new device driver usb
[    0.846094] PCI: Using ACPI for IRQ routing
[    0.848203] NetLabel: Initializing
[    0.849512] NetLabel:  domain hash size = 128
[    0.850431] NetLabel:  protocols = UNLABELED CIPSOv4
[    0.851571] NetLabel:  unlabeled traffic allowed by default
[    0.852996] amd_nb: Cannot enumerate AMD northbridges
[    0.854174] clocksource: Switched to clocksource kvm-clock
[    0.868825] AppArmor: AppArmor Filesystem Enabled
[    0.870311] pnp: PnP ACPI init
[    0.871824] pnp: PnP ACPI: found 3 devices
[    0.892334] clocksource: acpi_pm: mask: 0xffffff max_cycles: 0xffffff, max_idle_ns: 2085701024 ns
[    0.896516] NET: Registered protocol family 2
[    0.898550] TCP established hash table entries: 8192 (order: 4, 65536 bytes)
[    0.901052] TCP bind hash table entries: 8192 (order: 5, 131072 bytes)
[    0.903547] TCP: Hash tables configured (established 8192 bind 8192)
[    0.905830] UDP hash table entries: 512 (order: 2, 16384 bytes)
[    0.908107] UDP-Lite hash table entries: 512 (order: 2, 16384 bytes)
[    0.910555] NET: Registered protocol family 1
[    0.912348] pci 0000:00:00.0: Limiting direct PCI/PCI transfers
[    0.914415] pci 0000:00:01.0: Activating ISA DMA hang workarounds
[    0.916866] Unpacking initramfs...
[    1.428280] Freeing initrd memory: 14800K
[    1.430353] platform rtc_cmos: registered platform RTC device (no PNP device found)
[    1.433666] Scanning for low memory corruption every 60 seconds
[    1.436577] audit: initializing netlink subsys (disabled)
[    1.438809] audit: type=2000 audit(1552564632.151:1): initialized
[    1.441574] Initialise system trusted keyring
[    1.443487] HugeTLB registered 2 MB page size, pre-allocated 0 pages
[    1.448770] zbud: loaded
[    1.451007] VFS: Disk quotas dquot_6.6.0
[    1.452537] VFS: Dquot-cache hash table entries: 512 (order 0, 4096 bytes)
[    1.455413] squashfs: version 4.0 (2009/01/31) Phillip Lougher
[    1.458377] fuse init (API version 7.23)
[    1.460489] Key type big_key registered
[    1.462172] Allocating IMA MOK and blacklist keyrings.
[    1.468708] Key type asymmetric registered
[    1.470407] Asymmetric key parser 'x509' registered
[    1.472520] Block layer SCSI generic (bsg) driver version 0.4 loaded (major 249)
[    1.475930] io scheduler noop registered
[    1.477819] io scheduler deadline registered (default)
[    1.480107] io scheduler cfq registered
[    1.481907] pci_hotplug: PCI Hot Plug PCI Core version: 0.5
[    1.484256] pciehp: PCI Express Hot Plug Controller Driver version: 0.4
[    1.487022] ACPI: AC Adapter [AC] (off-line)
[    1.488869] input: Power Button as /devices/LNXSYSTM:00/LNXPWRBN:00/input/input0
[    1.492014] ACPI: Power Button [PWRF]
[    1.493682] input: Sleep Button as /devices/LNXSYSTM:00/LNXSLPBN:00/input/input1
[    1.496759] ACPI: Sleep Button [SLPF]
[    1.499890] ACPI: Battery Slot [BAT0] (battery present)
[    1.502038] GHES: HEST is not enabled!
[    1.504260] Serial: 8250/16550 driver, 32 ports, IRQ sharing enabled
 	
 !"#$%&'()*+,-./0123456789:;<=>?@ABCDEFGHIJKLMNOPQRSTUVWXYZ[\]^_`abcdefghijklmnopqrstuvwxyz{|}~ÄÅÇÉÑÖÜáàâäãåçéèêëíìîïñóòôöõúùûü†°¢£§•¶ß®©™´¨≠ÆØ∞±≤≥¥µ∂∑∏π∫ªºΩæø¿¡¬√ƒ≈∆«»… ÀÃÕŒœ–—“”‘’÷◊ÿŸ⁄€‹›ﬁﬂ‡·‚„‰ÂÊÁËÈÍÎÏÌÓÔÒÚÛÙıˆ˜¯˘˙˚¸˝˛ˇ[    1.529894] 00:02: ttyS0 at I/O 0x3f8 (irq = 4, base_baud = 115200) is a 16550A
[    1.535082] Linux agpgart interface v0.103
[    1.540713] loop: module loaded
[    1.543426] scsi host0: ata_piix
[    1.545386] scsi host1: ata_piix
[    1.546952] ata1: PATA max UDMA/33 cmd 0x1f0 ctl 0x3f6 bmdma 0xd000 irq 14
[    1.549692] ata2: PATA max UDMA/33 cmd 0x170 ctl 0x376 bmdma 0xd008 irq 15
[    1.553346] libphy: Fixed MDIO Bus: probed
[    1.555137] tun: Universal TUN/TAP device driver, 1.6
[    1.557160] tun: (C) 1999-2004 Max Krasnyansky <maxk@qualcomm.com>
[    1.559694] PPP generic driver version 2.4.2
[    1.561591] ehci_hcd: USB 2.0 'Enhanced' Host Controller (EHCI) Driver
[    1.564193] ehci-pci: EHCI PCI platform driver
[    1.566028] ehci-platform: EHCI generic platform driver
[    1.568218] ohci_hcd: USB 1.1 'Open' Host Controller (OHCI) Driver
[    1.570695] ohci-pci: OHCI PCI platform driver
[    1.572540] ohci-platform: OHCI generic platform driver
[    1.574654] uhci_hcd: USB Universal Host Controller Interface driver
[    1.577493] i8042: PNP: PS/2 Controller [PNP0303:PS2K,PNP0f03:PS2M] at 0x60,0x64 irq 1,12
[    1.581743] serio: i8042 KBD port at 0x60,0x64 irq 1
[    1.583845] serio: i8042 AUX port at 0x60,0x64 irq 12
[    1.586068] mousedev: PS/2 mouse device common for all mice
[    1.589195] rtc_cmos rtc_cmos: rtc core: registered rtc_cmos as rtc0
[    1.591843] rtc_cmos rtc_cmos: alarms up to one day, 114 bytes nvram
[    1.594473] i2c /dev entries driver
[    1.596123] input: AT Translated Set 2 keyboard as /devices/platform/i8042/serio0/input/input2
[    1.599946] device-mapper: uevent: version 1.0.3
[    1.601839] device-mapper: ioctl: 4.34.0-ioctl (2015-10-28) initialised: dm-devel@redhat.com
[    1.604940] ledtrig-cpu: registered to indicate activity on CPUs
[    1.607504] NET: Registered protocol family 10
[    1.609441] NET: Registered protocol family 17
[    1.610662] Key type dns_resolver registered
[    1.612281] registered taskstats version 1
[    1.613346] Loading compiled-in X.509 certificates
[    1.615639] Loaded X.509 cert 'Build time autogenerated kernel key: bff73e56bc0efa7435b2a24f5427674623f1be80'
[    1.617871] zswap: loaded using pool lzo/zbud
[    1.620512] Key type trusted registered
[    1.624900] Key type encrypted registered
[    1.625697] AppArmor: AppArmor sha1 policy hashing enabled
[    1.626646] ima: No TPM chip found, activating TPM-bypass!
[    1.627598] ima: Allocated hash algorithm: sha1
[    1.628583] evm: HMAC attrs: 0x1
[    1.629678]   Magic number: 11:640:984
[    1.630880] rtc_cmos rtc_cmos: setting system clock to 2019-03-14 11:57:06 UTC (1552564626)
[    1.632939] BIOS EDD facility v0.16 2004-Jun-25, 0 devices found
[    1.634340] EDD information not available.
[    1.709555] Freeing unused kernel memory: 1484K
[    1.712778] Write protecting the kernel read-only data: 14336k
[    1.717882] Freeing unused kernel memory: 1624K
[    1.721560] Freeing unused kernel memory: 92K
Loading, please wait...
starting version 229
[    1.764535] random: systemd-udevd: uninitialized urandom read (16 bytes read, 3 bits of entropy available)
[    1.765800] random: udevadm: uninitialized urandom read (16 bytes read, 3 bits of entropy available)
[    1.765836] random: udevadm: uninitialized urandom read (16 bytes read, 3 bits of entropy available)
[    1.775969] random: systemd-udevd: uninitialized urandom read (16 bytes read, 3 bits of entropy available)
[    1.778916] random: systemd-udevd: uninitialized urandom read (16 bytes read, 3 bits of entropy available)
[    1.780433] random: udevadm: uninitialized urandom read (16 bytes read, 3 bits of entropy available)
[    1.780503] random: udevadm: uninitialized urandom read (16 bytes read, 3 bits of entropy available)
[    1.780718] random: udevadm: uninitialized urandom read (16 bytes read, 3 bits of entropy available)
[    1.780796] random: udevadm: uninitialized urandom read (16 bytes read, 3 bits of entropy available)
[    1.780870] random: udevadm: uninitialized urandom read (16 bytes read, 3 bits of entropy available)
[    1.844566] e1000: Intel(R) PRO/1000 Network Driver - version 7.3.21-k8-NAPI
[    1.846950] e1000: Copyright (c) 1999-2006 Intel Corporation.
[    1.850578] Fusion MPT base driver 3.04.20
[    1.851865] Copyright (c) 1999-2008 LSI Corporation
[    1.867524] Fusion MPT SPI Host driver 3.04.20
[    1.879613] AVX2 version of gcm_enc/dec engaged.
[    1.880660] AES CTR mode by8 optimization enabled
[    2.072590] input: ImExPS/2 Generic Explorer Mouse as /devices/platform/i8042/serio1/input/input4
[    2.278530] e1000 0000:00:03.0 eth0: (PCI:33MHz:32-bit) 02:d2:eb:b6:4d:8b
[    2.281058] e1000 0000:00:03.0 eth0: Intel(R) PRO/1000 Network Connection
[    2.284876] mptbase: ioc0: Initiating bringup
[    2.357914] ioc0: LSI53C1030 A0: Capabilities={Initiator}
[    2.434601] tsc: Refined TSC clocksource calibration: 2591.611 MHz
[    2.438399] clocksource: tsc: mask: 0xffffffffffffffff max_cycles: 0x255b47779a5, max_idle_ns: 440795330325 ns
[    3.001349] scsi host2: ioc0: LSI53C1030 A0, FwRev=00000000h, Ports=1, MaxQ=256, IRQ=20
[    3.259614] scsi 2:0:0:0: Direct-Access     VBOX     HARDDISK         1.0  PQ: 0 ANSI: 5
[    3.267732] scsi target2:0:0: Beginning Domain Validation
[    3.276984] scsi target2:0:0: Domain Validation skipping write tests
[    3.281157] scsi target2:0:0: Ending Domain Validation
[    3.285068] scsi target2:0:0: asynchronous
[    3.290172] scsi 2:0:1:0: Direct-Access     VBOX     HARDDISK         1.0  PQ: 0 ANSI: 5
[    3.302404] scsi target2:0:1: Beginning Domain Validation
[    3.351344] scsi target2:0:1: Domain Validation skipping write tests
[    3.353959] scsi target2:0:1: Ending Domain Validation
[    3.356486] scsi target2:0:1: asynchronous
[    3.371864] sd 2:0:0:0: Attached scsi generic sg0 type 0
[    3.375020] sd 2:0:1:0: Attached scsi generic sg1 type 0
[    3.377558] sd 2:0:0:0: [sda] 20971520 512-byte logical blocks: (10.7 GB/10.0 GiB)
[    3.404733] sd 2:0:1:0: [sdb] 20480 512-byte logical blocks: (10.5 MB/10.0 MiB)
[    3.407917] sd 2:0:1:0: [sdb] Write Protect is off
[    3.409430] sd 2:0:0:0: [sda] Write Protect is off
[    3.410943] sd 2:0:1:0: [sdb] Incomplete mode parameter data
[    3.412396] sd 2:0:1:0: [sdb] Assuming drive cache: write through
[    3.413971] sd 2:0:0:0: [sda] Incomplete mode parameter data
[    3.415385] sd 2:0:0:0: [sda] Assuming drive cache: write through
[    3.535702]  sda: sda1
[    3.539587] sd 2:0:1:0: [sdb] Attached SCSI disk
[    3.541721] sd 2:0:0:0: [sda] Attached SCSI disk
[    3.703320] e1000 0000:00:08.0 eth1: (PCI:33MHz:32-bit) 08:00:27:ae:d2:f9
[    3.705918] e1000 0000:00:08.0 eth1: Intel(R) PRO/1000 Network Connection
[    3.710542] e1000 0000:00:03.0 enp0s3: renamed from eth0
[    3.722689] e1000 0000:00:08.0 enp0s8: renamed from eth1
Begin: Loading essential drivers ... [    5.339601] md: linear personality registered for level -1
[    5.346009] md: multipath personality registered for level -4
[    5.352215] md: raid0 personality registered for level 0
[    5.359729] md: raid1 personality registered for level 1
[    5.434747] raid6: sse2x1   gen()  5162 MB/s
[    5.502211] raid6: sse2x1   xor()  3793 MB/s
[    5.570415] raid6: sse2x2   gen()  6251 MB/s
[    5.638733] raid6: sse2x2   xor()  4394 MB/s
[    5.706194] raid6: sse2x4   gen()  7143 MB/s
[    5.774405] raid6: sse2x4   xor()  4923 MB/s
[    5.842663] raid6: avx2x1   gen()  5837 MB/s
[    5.910530] raid6: avx2x2   gen() 11749 MB/s
[    5.978358] raid6: avx2x4   gen() 12579 MB/s
[    5.980338] raid6: using algorithm avx2x4 gen() 12579 MB/s
[    5.982522] raid6: using avx2x2 recovery algorithm
[    5.986537] xor: automatically using best checksumming function:
[    6.027154]    avx       : 13326.000 MB/sec
[    6.031509] async_tx: api initialized (async)
[    6.052676] md: raid6 personality registered for level 6
[    6.054898] md: raid5 personality registered for level 5
[    6.057026] md: raid4 personality registered for level 4
[    6.070668] md: raid10 personality registered for level 10
done.
Begin: Running /scripts/init-premount ... done.
Begin: Mounting root file system ... Begin: Running /scripts/local-top ... done.
Begin: Running /scripts/local-premount ... [    6.123765] Btrfs loaded
Scanning for Btrfs filesystems
done.
Warning: fsck not present, so skipping root file system
[    6.305007] EXT4-fs (sda1): mounted filesystem with ordered data mode. Opts: (null)
done.
Begin: Running /scripts/local-bottom ... done.
Begin: Running /scripts/init-bottom ... done.
[    7.143861] systemd[1]: systemd 229 running in system mode. (+PAM +AUDIT +SELINUX +IMA +APPARMOR +SMACK +SYSVINIT +UTMP +LIBCRYPTSETUP +GCRYPT +GNUTLS +ACL +XZ -LZ4 +SECCOMP +BLKID +ELFUTILS +KMOD -IDN)
[    7.155045] systemd[1]: Detected virtualization oracle.
[    7.158458] systemd[1]: Detected architecture x86-64.

Welcome to [1mUbuntu 16.04.6 LTS[0m!

[    7.222533] systemd[1]: Set hostname to <ubuntu>.
[    7.251455] systemd[1]: Initializing machine ID from random generator.
[    7.255624] systemd[1]: Installed transient /etc/machine-id file.
[    7.320444] random: nonblocking pool is initialized
[    8.660674] systemd[1]: Listening on Syslog Socket.
[[0;32m  OK  [0m] Listening on Syslog Socket.
[    8.670791] systemd[1]: Listening on LVM2 metadata daemon socket.
[[0;32m  OK  [0m] Listening on LVM2 metadata daemon socket.
[    8.677149] systemd[1]: Reached target Encrypted Volumes.
[[0;32m  OK  [0m] Reached target Encrypted Volumes.
[    8.691662] systemd[1]: Created slice User and Session Slice.
[[0;32m  OK  [0m] Created slice User and Session Slice.
[    8.698204] systemd[1]: Listening on udev Kernel Socket.
[[0;32m  OK  [0m] Listening on udev Kernel Socket.
[    8.710804] systemd[1]: Started Forward Password Requests to Wall Directory Watch.
[[0;32m  OK  [0m] Started Forward Password Requests to Wall Directory Watch.
[    8.728440] systemd[1]: Created slice System Slice.
[[0;32m  OK  [0m] Created slice System Slice.
[    8.740126] systemd[1]: Created slice system-serial\x2dgetty.slice.
[[0;32m  OK  [0m] Created slice system-serial\x2dgetty.slice.
[    8.746628] systemd[1]: Reached target System Time Synchronized.
[[0;32m  OK  [0m] Reached target System Time Synchronized.
[    8.752476] systemd[1]: Listening on udev Control Socket.
[[0;32m  OK  [0m] Listening on udev Control Socket.
[    8.762767] systemd[1]: Listening on Journal Socket (/dev/log).
[[0;32m  OK  [0m] Listening on Journal Socket (/dev/log).
[    8.768802] systemd[1]: Set up automount Arbitrary Executable File Formats File System Automount Point.
[[0;32m  OK  [0m] Set up automount Arbitrary Executab...ats File System Automount Point.
[    8.777663] systemd[1]: Listening on Journal Socket.
[[0;32m  OK  [0m] Listening on Journal Socket.
[    8.802503] systemd[1]: Starting Nameserver information manager...
         Starting Nameserver information manager...
[    8.836896] systemd[1]: Starting Load Kernel Modules...
         Starting Load Kernel Modules...
[    8.844219] systemd[1]: Starting Uncomplicated firewall...
         Starting Uncomplicated firewall...
[    8.853121] systemd[1]: Mounting POSIX Message Queue File System...
         Mounting POSIX Message Queue File System...
[    8.907026] systemd[1]: Starting Create list of required static device nodes for the current kernel...
         Starting Create list of required st... nodes for the current kernel...
[    8.922755] systemd[1]: Listening on /dev/initctl Compatibility Named Pipe.
[[0;32m  OK  [0m] Listening on /dev/initctl Compatibility Named Pipe.
[    8.929773] systemd[1]: Listening on Journal Audit Socket.
[[0;32m  OK  [0m] Listening on Journal Audit Socket.
[    8.944908] systemd[1]: Starting Journal Service...
         Starting Journal Service...
[    8.951854] systemd[1]: Starting Set console keymap...
         Starting Set console keymap...
[    8.962520] systemd[1]: Reached target User and Group Name Lookups.
[[0;32m  OK  [0m] Reached target User and Group Name Lookups.
[    8.967589] systemd[1]: Started Trigger resolvconf update for networkd DNS.
[[0;32m  OK  [0m] Started Trigger resolvconf update for networkd DNS.
[    8.979064] systemd[1]: Listening on Device-mapper event daemon FIFOs.
[[0;32m  OK  [0m] Listening on Device-mapper event daemon FIFOs.
[    9.003260] systemd[1]: Starting Monitoring of LVM2 mirrors, snapshots etc. using dmeventd or progress polling...
         Starting Monitoring of LVM2 mirrors... dmeventd or progress polling...
[    9.010156] systemd[1]: Reached target Swap.
[[0;32m  OK  [0m] Reached target Swap.
[    9.014854] systemd[1]: Starting Remount Root and Kernel File Systems...
         Starting Remount Root and Kernel File Systems...
[    9.019025] systemd[1]: Listening on LVM2 poll daemon socket.
[[0;32m  OK  [0m] Listening on LVM2 poll daemon socket.
[    9.023435] systemd[1]: Mounting Debug File System...
         Mounting Debug File System...
[    9.034647] systemd[1]: Reached target Slices.
[[0;32m  OK  [0m] Reached target Slices.
[    9.050458] systemd[1]: Mounting Huge Pages File System...
         Mounting Huge Pages File System...
[    9.060302] Loading iSCSI transport class v2.0-870.
[    9.061848] systemd[1]: Mounted Debug File System.
[[0;32m  OK  [0m] Mounted Debug File System.
[    9.065608] systemd[1]: Mounted POSIX Message Queue File System.
[[0;32m  OK  [0m] Mounted POSIX Message Queue File System.
[    9.069631] systemd[1]: Mounted Huge Pages File System.
[[0;32m  OK  [0m] Mounted Huge Pages File System.
[    9.074602] systemd[1]: Started Uncomplicated firewall.
[    9.083102] EXT4-fs (sda1): re-mounted. Opts: (null)
[[0;32m  OK  [0m] Started Uncomplicated firewall.
[    9.087573] systemd[1]: Started Create list of required static device nodes for the current kernel.
[[0;32m  OK  [0m] Started Create list of required sta...ce nodes for the current kernel.
[    9.092803] systemd[1]: Started Remount Root and Kernel File Systems.
[[0;32m  OK  [0m] Started Remount Root and Kernel File Systems.
[    9.143322] systemd[1]: Started Nameserver information manager.
[[0;32m  OK  [0m] Started Nameserver information manager.
[    9.168429] iscsi: registered transport (tcp)
[    9.238730] systemd[1]: Starting udev Coldplug all Devices...
         Starting udev Coldplug all Devices...
[    9.253018] systemd[1]: Starting Load/Save Random Seed...
         Starting Load/Save Random Seed...
[    9.258206] systemd[1]: Starting Create Static Device Nodes in /dev...
         Starting Create Static Device Nodes in /dev...
[    9.319383] systemd[1]: Started Set console keymap.
[[0;32m  OK  [0m] Started Set console keymap.
[    9.357452] systemd[1]: Started udev Coldplug all Devices.
[[0;32m  OK  [0m] Started udev Coldplug all Devices.
[    9.434429] systemd[1]: Started Load/Save Random Seed.
[[0;32m  OK  [0m] Started Load/Save Random Seed.
[    9.475740] systemd[1]: Started Journal Service.
[[0;32m  OK  [0m] Started Journal Service.
[    9.484294] iscsi: registered transport (iser)
         Starting Flush Journal to Persistent Storage...
[[0;32m  OK  [0m] Started Load Kernel Modules.
[[0;32m  OK  [0m] Started LVM2 metadata daemon.
         Mounting FUSE Control File System...
         Starting Apply Kernel Variables...
[[0;32m  OK  [0m] Mounted FUSE Control File System.
[    9.617823] systemd-journald[387]: Received request to flush runtime journal from PID 1
[[0;32m  OK  [0m] Started Flush Journal to Persistent Storage.
[[0;32m  OK  [0m] Started Apply Kernel Variables.
[[0;32m  OK  [0m] Started Create Static Device Nodes in /dev.
         Starting udev Kernel Device Manager...
[[0;32m  OK  [0m] Started udev Kernel Device Manager.
[[0;32m  OK  [0m] Started Dispatch Password Requests to Console Directory Watch.
[[0;32m  OK  [0m] Started Monitoring of LVM2 mirrors,...ng dmeventd or progress polling.
[[0;32m  OK  [0m] Reached target Local File Systems (Pre).
[[0;32m  OK  [0m] Reached target Local File Systems.
         Starting Set console font and keymap...
         Starting Initial cloud-init job (pre-networking)...
         Starting Create Volatile Files and Directories...
         Starting Tell Plymouth To Write Out Runtime Data...
         Starting Commit a transient machine-id on disk...
         Starting LSB: AppArmor initialization...
[[0;32m  OK  [0m] Started Tell Plymouth To Write Out Runtime Data.
[[0;32m  OK  [0m] Started Commit a transient machine-id on disk.
[[0;32m  OK  [0m] Started Create Volatile Files and Directories.
[[0;32m  OK  [0m] Found device /dev/ttyS0.
         Starting Update UTMP about System Boot/Shutdown...
[[0;32m  OK  [0m] Listening on Load/Save RF Kill Switch Status /dev/rfkill Watch.
[[0;32m  OK  [0m] Started Update UTMP about System Boot/Shutdown.
[[0;32m  OK  [0m] Started LSB: AppArmor initialization.
[[0;32m  OK  [0m] Started Set console font and keymap.
[[0;32m  OK  [0m] Created slice system-getty.slice.
[   16.697948] cloud-init[481]: Cloud-init v. 18.5-21-g8ee294d5-0ubuntu1~16.04.1 running 'init-local' at Thu, 14 Mar 2019 11:57:21 +0000. Up 15.88 seconds.
[[0;32m  OK  [0m] Started Initial cloud-init job (pre-networking).
[[0;32m  OK  [0m] Reached target Network (Pre).
         Starting Raise network interfaces...
[[0;32m  OK  [0m] Started Raise network interfaces.
         Starting Initial cloud-init job (metadata service crawler)...
[[0;32m  OK  [0m] Reached target Network.
[   19.692643] cloud-init[953]: Cloud-init v. 18.5-21-g8ee294d5-0ubuntu1~16.04.1 running 'init' at Thu, 14 Mar 2019 11:57:23 +0000. Up 17.72 seconds.
[   19.695070] cloud-init[953]: ci-info: ++++++++++++++++++++++++++++++++++++++Net device info+++++++++++++++++++++++++++++++++++++++
[   19.697002] cloud-init[953]: ci-info: +--------+-------+----------------------------+---------------+--------+-------------------+
[   19.704661] cloud-init[953]: ci-info: | Device |   Up  |          Address           |      Mask     | Scope  |     Hw-Address    |
[   19.712644] cloud-init[953]: ci-info: +--------+-------+----------------------------+---------------+--------+-------------------+
[   19.714767] cloud-init[953]: ci-info: | enp0s3 |  True |         10.0.2.15          | 255.255.255.0 | global | 02:d2:eb:b6:4d:8b |
[   19.717040] cloud-init[953]: ci-info: | enp0s3 |  True | fe80::d2:ebff:feb6:4d8b/64 |       .       |  link  | 02:d2:eb:b6:4d:8b |
[   19.719278] cloud-init[953]: ci-info: | enp0s8 | False |             .              |       .       |   .    | 08:00:27:ae:d2:f9 |
[   19.721566] cloud-init[953]: ci-info: |   lo   |  True |         127.0.0.1          |   255.0.0.0   |  host  |         .         |
[   19.728815] cloud-init[953]: ci-info: |   lo   |  True |          ::1/128           |       .       |  host  |         .         |
[   19.730972] cloud-init[953]: ci-info: +--------+-------+----------------------------+---------------+--------+-------------------+
[   19.733184] cloud-init[953]: ci-info: +++++++++++++++++++++++++++Route IPv4 info++++++++++++++++++++++++++++
[   19.740632] cloud-init[953]: ci-info: +-------+-------------+----------+---------------+-----------+-------+
[   19.742636] cloud-init[953]: ci-info: | Route | Destination | Gateway  |    Genmask    | Interface | Flags |
[   19.744448] cloud-init[953]: ci-info: +-------+-------------+----------+---------------+-----------+-------+
[   19.746484] cloud-init[953]: ci-info: |   0   |   0.0.0.0   | 10.0.2.2 |    0.0.0.0    |   enp0s3  |   UG  |
[   19.756368] cloud-init[953]: ci-info: |   1   |   10.0.2.0  | 0.0.0.0  | 255.255.255.0 |   enp0s3  |   U   |
[[0;32m  OK  [0m] Started Initial cloud-init job (metadata service crawler).
[   19.756676] cloud-init[953]: ci-info: +-------+-------------+----------+---------------+-----------+-------+
[   19.756875] cloud-init[953]: ci-info: +++++++++++++++++++Route IPv6 info+++++++++++++++++++
[   19.761263] cloud-init[953]: ci-info: +-------+-------------+---------+-----------+-------+
[   19.763023] cloud-init[953]: ci-info: | Route | Destination | Gateway | Interface | Flags |
[   19.764412] cloud-init[953]: ci-info: +-------+-------------+---------+-----------+-------+
[   19.766027] cloud-init[953]: ci-info: |   0   |  fe80::/64  |    ::   |   enp0s3  |   U   |
[   19.776335] cloud-init[953]: ci-info: |   3   |   ff00::/8  |    ::   |   enp0s3  |   U   |
[[   19.776640] cloud-init[953]: ci-info: +-------+-------------+---------+-----------+-------+
[0;32m  OK  [0m[   19.777444] cloud-init[953]: Generating public/private rsa key pair.
] Reached target Cloud-config availability.
[   19.778108] cloud-init[953]: Your identification has been saved in /etc/ssh/ssh_host_rsa_key.
[   19.778168] cloud-init[953]: Your public key has been saved in /etc/ssh/ssh_host_rsa_key.pub.
[   19.778294] cloud-init[953]: The key fingerprint is:
[   19.778594] cloud-init[953]: SHA256:3h5pDV+hKr1+Yja3DA3ze5nviipzB+7sIz9pJCrfS/A root@ubuntu-xenial
[   19.778851] cloud-init[953]: The key's randomart image is:
[   19.779175] cloud-init[953]: +---[RSA 2048]----+
[[   19.783049] cloud-init[953]: |                 |
[0;32m  OK  [0m[   19.783498] cloud-init[953]: |                 |
] [   19.784105] cloud-init[953]: |              .  |
Reached target System Initialization.[   19.784594] cloud-init[953]: |             . . |

[   19.785343] cloud-init[953]: |      . S + . .  |
[   19.786141] cloud-init[953]: |       +.oo@ .   |
[   19.786465] cloud-init[953]: |       .E+Oo=  o |
[   19.786657] cloud-init[953]: |    . .o+=%=+o+  |
[[   19.793277] cloud-init[953]: |     o. o#XX=o.+o|
[0;32m  OK  [0m[   19.793714] cloud-init[953]: +----[SHA256]-----+
] [   19.794238] cloud-init[953]: Generating public/private dsa key pair.
Listening on D-Bus System Message Bus Socket.[   19.794644] cloud-init[953]: Your identification has been saved in /etc/ssh/ssh_host_dsa_key.
[   19.795450] cloud-init[953]: Your public key has been saved in /etc/ssh/ssh_host_dsa_key.pub.
[   19.795822] 
cloud-init[953]: The key fingerprint is:
[[   19.795885] [0;32m  OK  [0mcloud-init] [953]: Listening on UUID daemon activation socket.SHA256:CyDxyi/f3AtsBggU6tZiyfOACd/HhLBvm0ABsOahItM root@ubuntu-xenial

[   19.806970] cloud-init[953]: The key's randomart image is:
[   19.808170] cloud-init[953]: +---[DSA 1024]----+
[   19.809559] cloud-init[953]: |++=              |
[   19.821191] cloud-init[953]: |o. * .           |
[   19.828476] cloud-init[953]: |=o+ + .          |
[   19.829553] cloud-init[953]: |OB+* +           |
[   19.836456] cloud-init[953]: |B@E.= + S        |
[   19.844784] cloud-init[953]: |=.=+ * . .       |
[   19.852795] cloud-init[953]: |  ..+ = .        |
[   19.855120] cloud-init[953]: |   o = o         |
[   19.857228] cloud-init[953]: |    . o o.       |
[   19.865518] cloud-init[953]: +----[SHA256]-----+
[   19.867830] cloud-init[953]: Generating public/private ecdsa key pair.
[   19.870643] cloud-init[953]: Your identification has been saved in /etc/ssh/ssh_host_ecdsa_key.
[   19.873903] cloud-init[953]: Your public key has been saved in /etc/ssh/ssh_host_ecdsa_key.pub.
[   19.877093] cloud-init[953]: The key fingerprint is:
[   19.879448] cloud-init[953]: SHA256:vWGeBkypHWseiHaImY36VhEUet7lQ023dujdXOeaAXs root@ubuntu-xenial
[   19.882710] cloud-init[953]: The key's randomart image is:
[   19.885059] cloud-init[953]: +---[ECDSA 256]---+
[   19.893507] cloud-init[953]: |   .o.    . .    |
[   19.900715] cloud-init[953]: |   ..    + . o   |
[   19.902755] cloud-init[953]: |  . ..  * . = . o|
[   19.904716] cloud-init[953]: |   O.+ X + o = +o|
[   19.913379] cloud-init[953]: |  = *.= S + o E +|
[   19.914012] cloud-init[953]: | . ... o * + . + |
[   19.915314] cloud-init[953]: |.  .    . =   o  |
[   19.916115] cloud-init[953]: | ..      .       |
[   19.916293] cloud-init         [953]: Starting LXD - unix socket.| ..              |

[   19.916330] cloud-init[953]: +----[SHA256]-----+
[   19.933472] cloud-init[953]: Generating public/private ed25519 key pair.
[   19.933933] cloud-init[953]: Your identification has been saved in /etc/ssh/ssh_host_ed25519_key.
[   19.934385] cloud-init[953]: Your public key has been saved in /etc/ssh/ssh_host_ed25519_key.pub.
[[0;32m  OK  [0m] Started Daily apt download activities.[   19.934903] cloud-init[953]: The key fingerprint is:

[   19.937634] cloud-init[953]: SHA256:TqB7+BWF6mWvvVmBfA0Gwu+HOJe5ulFysbXN5xKTAqw root@ubuntu-xenial
[   19.938447] cloud-init[953]: The key's randomart image is:
[   19.939251] cloud-init[953]: +--[ED25519 256]--+
[   19.939393] cloud-init[953]: |       .. .      |
[   19.939786] cloud-init[953]: |        .+ .     |
[   19.940376] cloud-init[953]: |      . ..= +    |
[   19.940894] cloud-init[953]: |     . o +.B * . |
[   19.941991] cloud-init[953]: |    . . Eo*+= B .|
[   19.942925] cloud-init[953]: |     + =o**..o = |
[   19.943353] cloud-init[953]: |    o o +o.o. . .|
[   19.943893] cloud-init[953]: |     o . +.o   . |
[   19.944622] cloud-init[953]: |      . +o+.     |
[   19.944862] cloud-init[953]: +----[SHA256]-----+
         Starting Socket activation for snappy daemon.
[[0;32m  OK  [0m] Started Daily Cleanup of Temporary Directories.
[[0;32m  OK  [0m] Listening on ACPID Listen Socket.
[[0;32m  OK  [0m] Started ACPI Events Check.
[[0;32m  OK  [0m] Reached target Paths.
[[0;32m  OK  [0m] Started Daily apt upgrade and clean activities.
[[0;32m  OK  [0m] Reached target Timers.
[[0;32m  OK  [0m] Reached target Network is Online.
         Starting iSCSI initiator daemon (iscsid)...
[[0;32m  OK  [0m] Listening on LXD - unix socket.
[[0;32m  OK  [0m] Listening on Socket activation for snappy daemon.
[[0;32m  OK  [0m] Reached target Sockets.
[[0;32m  OK  [0m] Reached target Basic System.
         Starting Login Service...
         Starting System Logging Service...
         Starting Accounts Service...
         Starting LSB: Record successful boot for GRUB...
[[0;32m  OK  [0m] Started Deferred execution scheduler.
         Starting Virtualbox guest utils...
[[0;32m  OK  [0m] Started D-Bus System Message Bus.
[[0;32m  OK  [0m] Started Regular background program processing daemon.
         Starting Snappy daemon...
[[0;32m  OK  [0m] Started Unattended Upgrades Shutdown.
         Starting /etc/rc.local Compatibility...
[[0;32m  OK  [0m] Started FUSE filesystem for LXC.
         Starting LSB: MD monitoring daemon...
[[0;32m  OK  [0m] Started ACPI event daemon.
         Starting Pollinate to seed the pseudo random number generator...
         Starting LXD - container startup/shutdown...
[[0;32m  OK  [0m] Started System Logging Service.
[[0;32m  OK  [0m] Started /etc/rc.local Compatibility.
[[0;32m  OK  [0m] Started Login Service.
         Starting Authenticate and Authorize Users to Run Privileged Tasks...
[[0;32m  OK  [0m] Started iSCSI initiator daemon (iscsid).
         Starting Login to default iSCSI targets...
[[0;32m  OK  [0m] Started LSB: Record successful boot for GRUB.
[[0;32m  OK  [0m] Started Login to default iSCSI targets.
[[0;32m  OK  [0m] Reached target Remote File Systems (Pre).
[[0;32m  OK  [0m] Reached target Remote File Systems.
         Starting Permit User Sessions...
         Starting LSB: automatic crash report generation...
         Starting LSB: Set the CPU Frequency Scaling governor to "ondemand"...
         Starting LSB: daemon to balance interrupts for SMP systems...
[[0;32m  OK  [0m] Started LSB: Set the CPU Frequency Scaling governor to "ondemand".
[[0;32m  OK  [0m] Started Permit User Sessions.
         Starting Terminate Plymouth Boot Screen...
         Starting Hold until boot process finishes up...
[[0;32m  OK  [0m] Started Hold until boot process finishes up.
[[0;32m  OK  [0m] Started Terminate Plymouth Boot Screen.
         Starting Set console scheme...
[[0;32m  OK  [0m] Started Serial Getty on ttyS0.
[[0;32m  OK  [0m] Started Getty on tty1.
[[0;32m  OK  [0m] Reached target Login Prompts.
[[0;32m  OK  [0m] Started Set console scheme.
[[0;32m  OK  [0m] Started LSB: MD monitoring daemon.
[[0;32m  OK  [0m] Started Authenticate and Authorize Users to Run Privileged Tasks.
[[0;32m  OK  [0m] Started Accounts Service.
[[0;32m  OK  [0m] Started LSB: daemon to balance interrupts for SMP systems.
[[0;32m  OK  [0m] Started LSB: automatic crash report generation.
[[0;32m  OK  [0m] Started Virtualbox guest utils.
[[0;32m  OK  [0m] Started Pollinate to seed the pseudo random number generator.
         Starting OpenBSD Secure Shell server...
[[0;32m  OK  [0m] Started OpenBSD Secure Shell server.
[[0;32m  OK  [0m] Started Snappy daemon.
         Starting Wait until snapd is fully seeded...
[[0;32m  OK  [0m] Started LXD - container startup/shutdown.
[[0;32m  OK  [0m] Started Wait until snapd is fully seeded.
         Starting Apply the settings specified in cloud-config...
[[0;32m  OK  [0m] Reached target Multi-User System.
[[0;32m  OK  [0m] Reached target Graphical Interface.
         Starting Update UTMP about System Runlevel Changes...
[[0;32m  OK  [0m] Started Update UTMP about System Runlevel Changes.
[   25.989349] cloud-init[1275]: Generating locales (this might take a while)...
[   26.939942] cloud-init[1275]:   en_US.UTF-8... done
[   26.940985] cloud-init[1275]: Generation complete.

Ubuntu 16.04.6 LTS ubuntu-xenial ttyS0

ubuntu-xenial login: [   29.174108] cloud-init[1275]: Cloud-init v. 18.5-21-g8ee294d5-0ubuntu1~16.04.1 running 'modules:config' at Thu, 14 Mar 2019 11:57:31 +0000. Up 25.70 seconds.
ci-info: no authorized ssh keys fingerprints found for user ubuntu.
<14>Mar 14 11:57:35 ec2: 
<14>Mar 14 11:57:35 ec2: #############################################################
<14>Mar 14 11:57:35 ec2: -----BEGIN SSH HOST KEY FINGERPRINTS-----
<14>Mar 14 11:57:35 ec2: 1024 SHA256:CyDxyi/f3AtsBggU6tZiyfOACd/HhLBvm0ABsOahItM root@ubuntu-xenial (DSA)
<14>Mar 14 11:57:35 ec2: 256 SHA256:vWGeBkypHWseiHaImY36VhEUet7lQ023dujdXOeaAXs root@ubuntu-xenial (ECDSA)
<14>Mar 14 11:57:35 ec2: 256 SHA256:TqB7+BWF6mWvvVmBfA0Gwu+HOJe5ulFysbXN5xKTAqw root@ubuntu-xenial (ED25519)
<14>Mar 14 11:57:35 ec2: 2048 SHA256:3h5pDV+hKr1+Yja3DA3ze5nviipzB+7sIz9pJCrfS/A root@ubuntu-xenial (RSA)
<14>Mar 14 11:57:35 ec2: -----END SSH HOST KEY FINGERPRINTS-----
<14>Mar 14 11:57:35 ec2: #############################################################
-----BEGIN SSH HOST KEY KEYS-----
ecdsa-sha2-nistp256 AAAAE2VjZHNhLXNoYTItbmlzdHAyNTYAAAAIbmlzdHAyNTYAAABBBHpRNVE8QP8g7Hp4Df/Qcqrx/AKHW7FiDaghaJ8BtdYmgRoylJxSlIsikblitl70ZzE+BJUknIP9hkIm/ndRjbM= root@ubuntu-xenial
ssh-ed25519 AAAAC3NzaC1lZDI1NTE5AAAAIEyCEsqtil5w+1UC0PCS+mat7qJscS/ZieI478klui59 root@ubuntu-xenial
ssh-rsa AAAAB3NzaC1yc2EAAAADAQABAAABAQDr4FrNQWfAxRsrV6EQQ0b2LLtk2ZwQi4H05zYlvX3rEVwCZMPZB78mhtYCzhimOsMOmA9j79jN8Y8Eiw6KkqW/fuWrweMqfqd2UVkPRj8+O2/hIpx691wwjsHuTmfIHjY4crAXqAKd5vfkSzOqX9UHwS/0C4MiGUZO/OV2I3dfqmDoUlFtq9UV6OKiHg4NHdZw7i+wrAkNHDxEn6fwQjA4tuNq/3z2BxE5nxpkAwD3vp49zVnEKlMpEeNqwz4v7NkY5qpLtRd3nl6anD4eAQAAfTuAvawnlR4ZnGxxLBepVZGvmPIBmNoZs/2iaikd85NV84ayZyw5ghKqTHwQoumz root@ubuntu-xenial
-----END SSH HOST KEY KEYS-----
[   30.006782] cloud-init[1411]: Cloud-init v. 18.5-21-g8ee294d5-0ubuntu1~16.04.1 running 'modules:final' at Thu, 14 Mar 2019 11:57:35 +0000. Up 29.69 seconds.
[   30.007217] cloud-init[1411]: ci-info: no authorized ssh keys fingerprints found for user ubuntu.
[   30.007405] cloud-init[1411]: Cloud-init v. 18.5-21-g8ee294d5-0ubuntu1~16.04.1 finished at Thu, 14 Mar 2019 11:57:35 +0000. Datasource DataSourceNoCloud [seed=/dev/sdb][dsmode=net].  Up 30.00 seconds
